61.176.223.98 - - [07/Oct/2018:14:48:32 +0000] "GET http://47.99.121.32:39169/Ip/Up?Ip=118.190.199.132&Port=80&Check=108&Order=61.176.223.98 HTTP/1.1" 404 153 "-" "Mozilla/5.0 (Windows NT 6.1; WOW64; rv:62.0) Gecko/20100101 Firefox/62.0"
123.249.27.171 - - [07/Oct/2018:15:02:41 +0000] "GET http://47.99.121.32:39169/Ip/Up?Ip=118.190.199.132&Port=80&Check=108&Order=123.249.27.171 HTTP/1.1" 404 153 "-" "Mozilla/5.0 (Windows NT 6.1; WOW64; rv:62.0) Gecko/20100101 Firefox/62.0"
61.176.223.98 - - [07/Oct/2018:15:16:48 +0000] "GET http://47.99.121.32:39169/Ip/Up?Ip=118.190.199.132&Port=80&Check=108&Order=61.176.223.98 HTTP/1.1" 404 153 "-" "Mozilla/5.0 (Windows NT 6.1; WOW64; rv:62.0) Gecko/20100101 Firefox/62.0"
41.78.216.82 - - [07/Oct/2018:15:19:36 +0000] "GET / HTTP/1.1" 200 612 "-" "Mozilla/5.0 (Macintosh; Intel Mac OS X 10_11_6) AppleWebKit/601.7.7 (KHTML, like Gecko) Version/9.1.2 Safari/601.7.7"
177.66.208.252 - - [07/Oct/2018:15:26:00 +0000] "GET / HTTP/1.1" 200 612 "-" "Mozilla/5.0 (Windows NT 10.0; WOW64) AppleWebKit/537.36 (KHTML, like Gecko) Chrome/51.0.2704.103 Safari/537.36"
61.176.222.170 - - [07/Oct/2018:15:30:48 +0000] "GET http://47.99.121.32:39169/Ip/Up?Ip=118.190.199.132&Port=80&Check=108&Order=61.176.222.170 HTTP/1.1" 404 153 "-" "Mozilla/5.0 (Windows NT 6.1; WOW64; rv:62.0) Gecko/20100101 Firefox/62.0"
80.82.70.187 - - [07/Oct/2018:15:32:20 +0000] "GET http://www.baidu.com/cache/global/img/gs.gif HTTP/1.1" 404 153 "-" "Mozilla"
61.176.222.170 - - [07/Oct/2018:15:45:00 +0000] "GET http://47.99.121.32:39169/Ip/Up?Ip=118.190.199.132&Port=80&Check=108&Order=61.176.222.170 HTTP/1.1" 404 153 "-" "Mozilla/5.0 (Windows NT 6.1; WOW64; rv:62.0) Gecko/20100101 Firefox/62.0"
61.176.223.98 - - [07/Oct/2018:15:59:02 +0000] "GET http://47.99.121.32:39169/Ip/Up?Ip=118.190.199.132&Port=80&Check=108&Order=61.176.223.98 HTTP/1.1" 404 153 "-" "Mozilla/5.0 (Windows NT 6.1; WOW64; rv:62.0) Gecko/20100101 Firefox/62.0"
61.176.223.98 - - [07/Oct/2018:16:13:03 +0000] "GET http://47.99.121.32:39169/Ip/Up?Ip=118.190.199.132&Port=80&Check=108&Order=61.176.223.98 HTTP/1.1" 404 153 "-" "Mozilla/5.0 (Windows NT 6.1; WOW64; rv:62.0) Gecko/20100101 Firefox/62.0"
101.255.117.121 - - [07/Oct/2018:16:25:34 +0000] "GET / HTTP/1.0" 200 612 "-" "-"
106.15.52.246 - - [07/Oct/2018:16:54:07 +0000] "GET / HTTP/1.0" 200 612 "-" "-"
61.176.222.170 - - [07/Oct/2018:16:55:31 +0000] "GET http://47.99.121.32:39169/Ip/Up?Ip=118.190.199.132&Port=80&Check=108&Order=61.176.222.170 HTTP/1.1" 404 153 "-" "Mozilla/5.0 (Windows NT 6.1; WOW64; rv:62.0) Gecko/20100101 Firefox/62.0"
35.233.220.21 - - [07/Oct/2018:17:18:27 +0000] "GET / HTTP/1.1" 200 396 "-" "Mozilla/5.0 zgrab/0.x"
61.176.223.98 - - [07/Oct/2018:17:37:55 +0000] "GET http://47.99.121.32:39169/Ip/Up?Ip=118.190.199.132&Port=80&Check=108&Order=61.176.223.98 HTTP/1.1" 404 153 "-" "Mozilla/5.0 (Windows NT 6.1; WOW64; rv:62.0) Gecko/20100101 Firefox/62.0"
61.176.222.170 - - [07/Oct/2018:17:52:06 +0000] "GET http://47.99.121.32:39169/Ip/Up?Ip=118.190.199.132&Port=80&Check=108&Order=61.176.222.170 HTTP/1.1" 404 153 "-" "Mozilla/5.0 (Windows NT 6.1; WOW64; rv:62.0) Gecko/20100101 Firefox/62.0"
178.73.215.171 - - [07/Oct/2018:18:02:17 +0000] "GET / HTTP/1.0" 200 612 "-" "-"
61.176.223.98 - - [07/Oct/2018:18:06:20 +0000] "GET http://47.99.121.32:39169/Ip/Up?Ip=118.190.199.132&Port=80&Check=108&Order=61.176.223.98 HTTP/1.1" 404 153 "-" "Mozilla/5.0 (Windows NT 6.1; WOW64; rv:62.0) Gecko/20100101 Firefox/62.0"
179.111.129.99 - - [07/Oct/2018:18:22:39 +0000] "GET / HTTP/1.1" 200 612 "-" "Mozilla/5.0 (Windows NT 6.1; WOW64) AppleWebKit/537.36 (KHTML, like Gecko) Chrome/51.0.2704.103 Safari/537.36"
61.176.223.98 - - [07/Oct/2018:18:34:40 +0000] "GET http://47.99.121.32:39169/Ip/Up?Ip=118.190.199.132&Port=80&Check=108&Order=61.176.223.98 HTTP/1.1" 404 153 "-" "Mozilla/5.0 (Windows NT 6.1; WOW64; rv:62.0) Gecko/20100101 Firefox/62.0"
123.249.27.171 - - [07/Oct/2018:18:48:47 +0000] "GET http://47.99.121.32:39169/Ip/Up?Ip=118.190.199.132&Port=80&Check=108&Order=123.249.27.171 HTTP/1.1" 404 153 "-" "Mozilla/5.0 (Windows NT 6.1; WOW64; rv:62.0) Gecko/20100101 Firefox/62.0"
95.213.177.123 - - [07/Oct/2018:19:07:54 +0000] "POST http://check.proxyradar.com/azenv.php?auth=153893927331&a=PSCN&i=1992214404&p=80 HTTP/1.1" 404 27 "http://best-proxies.ru/" "Mozilla/4.0 (compatible; MSIE 8.0; Windows NT 5.1; Trident/4.0)"
41.190.62.193 - - [07/Oct/2018:19:10:25 +0000] "GET / HTTP/1.1" 200 612 "-" "Mozilla/5.0 (Windows NT 10.0; WOW64) AppleWebKit/537.36 (KHTML, like Gecko) Chrome/52.0.2743.116 Safari/537.36"
61.176.223.98 - - [07/Oct/2018:19:17:01 +0000] "GET http://47.99.121.32:39169/Ip/Up?Ip=118.190.199.132&Port=80&Check=108&Order=61.176.223.98 HTTP/1.1" 404 153 "-" "Mozilla/5.0 (Windows NT 6.1; WOW64; rv:62.0) Gecko/20100101 Firefox/62.0"
61.176.222.170 - - [07/Oct/2018:19:31:10 +0000] "GET http://47.99.121.32:39169/Ip/Up?Ip=118.190.199.132&Port=80&Check=108&Order=61.176.222.170 HTTP/1.1" 404 153 "-" "Mozilla/5.0 (Windows NT 6.1; WOW64; rv:62.0) Gecko/20100101 Firefox/62.0"
27.211.59.171 - - [07/Oct/2018:19:36:12 +0000] "GET http://www.baidu.com/ HTTP/1.1" 200 396 "-" "python-requests/2.6.0 CPython/2.7.5 Linux/3.10.0-693.11.1.el7.x86_64"
27.211.59.171 - - [07/Oct/2018:19:36:12 +0000] "GET http://www.rfa.org/ HTTP/1.1" 200 396 "-" "python-requests/2.6.0 CPython/2.7.5 Linux/3.10.0-693.11.1.el7.x86_64"
27.211.59.171 - - [07/Oct/2018:19:36:12 +0000] "GET http://wujieliulan.com/ HTTP/1.1" 200 396 "-" "python-requests/2.6.0 CPython/2.7.5 Linux/3.10.0-693.11.1.el7.x86_64"
27.211.59.171 - - [07/Oct/2018:19:36:12 +0000] "GET http://www.epochtimes.com/ HTTP/1.1" 200 396 "-" "python-requests/2.6.0 CPython/2.7.5 Linux/3.10.0-693.11.1.el7.x86_64"
27.211.59.171 - - [07/Oct/2018:19:36:12 +0000] "GET http://www.boxun.com/ HTTP/1.1" 200 396 "-" "python-requests/2.6.0 CPython/2.7.5 Linux/3.10.0-693.11.1.el7.x86_64"
27.211.59.171 - - [07/Oct/2018:19:36:12 +0000] "GET http://www.minghui.org/ HTTP/1.1" 200 396 "-" "python-requests/2.6.0 CPython/2.7.5 Linux/3.10.0-693.11.1.el7.x86_64"
27.211.59.171 - - [07/Oct/2018:19:36:12 +0000] "GET http://www.123cha.com/ HTTP/1.1" 200 396 "-" "python-requests/2.6.0 CPython/2.7.5 Linux/3.10.0-693.11.1.el7.x86_64"
27.211.59.171 - - [07/Oct/2018:19:36:12 +0000] "GET http://www.bing.com/ HTTP/1.1" 200 396 "-" "python-requests/2.6.0 CPython/2.7.5 Linux/3.10.0-693.11.1.el7.x86_64"
27.211.59.171 - - [07/Oct/2018:19:36:17 +0000] "CONNECT www.voanews.com:443 HTTP/1.0" 400 157 "-" "-"
123.249.27.171 - - [07/Oct/2018:19:45:21 +0000] "GET http://47.99.121.32:39169/Ip/Up?Ip=118.190.199.132&Port=80&Check=108&Order=123.249.27.171 HTTP/1.1" 404 153 "-" "Mozilla/5.0 (Windows NT 6.1; WOW64; rv:62.0) Gecko/20100101 Firefox/62.0"
47.52.70.85 - - [07/Oct/2018:20:17:26 +0000] "GET /admin/mysql/index.php HTTP/1.1" 404 27 "-" "Mozilla/4.0 (compatible; MSIE 8.0; Windows NT 6.1; WOW64; Trident/4.0)"
47.52.70.85 - - [07/Oct/2018:20:17:26 +0000] "GET /admin/mysql2/index.php HTTP/1.1" 404 27 "-" "Mozilla/4.0 (compatible; MSIE 8.0; Windows NT 6.1; WOW64; Trident/4.0)"
47.52.70.85 - - [07/Oct/2018:20:17:26 +0000] "GET /admin/phpmyadmin/index.php HTTP/1.1" 404 27 "-" "Mozilla/4.0 (compatible; MSIE 8.0; Windows NT 6.1; WOW64; Trident/4.0)"
47.52.70.85 - - [07/Oct/2018:20:17:26 +0000] "GET /admin/phpMyAdmin/index.php HTTP/1.1" 404 27 "-" "Mozilla/4.0 (compatible; MSIE 8.0; Windows NT 6.1; WOW64; Trident/4.0)"
47.52.70.85 - - [07/Oct/2018:20:17:26 +0000] "GET /admin/phpmyadmin2/index.php HTTP/1.1" 404 27 "-" "Mozilla/4.0 (compatible; MSIE 8.0; Windows NT 6.1; WOW64; Trident/4.0)"
47.52.70.85 - - [07/Oct/2018:20:17:26 +0000] "GET /mysqladmin/index.php HTTP/1.1" 404 27 "-" "Mozilla/4.0 (compatible; MSIE 8.0; Windows NT 6.1; WOW64; Trident/4.0)"
47.52.70.85 - - [07/Oct/2018:20:17:26 +0000] "GET /mysql-admin/index.php HTTP/1.1" 404 27 "-" "Mozilla/4.0 (compatible; MSIE 8.0; Windows NT 6.1; WOW64; Trident/4.0)"
47.52.70.85 - - [07/Oct/2018:20:17:26 +0000] "GET /phpadmin/index.php HTTP/1.1" 404 27 "-" "Mozilla/4.0 (compatible; MSIE 8.0; Windows NT 6.1; WOW64; Trident/4.0)"
47.52.70.85 - - [07/Oct/2018:20:17:26 +0000] "GET /phpAdmin/index.php HTTP/1.1" 404 27 "-" "Mozilla/4.0 (compatible; MSIE 8.0; Windows NT 6.1; WOW64; Trident/4.0)"
47.52.70.85 - - [07/Oct/2018:20:17:26 +0000] "GET /phpmyadmin0/index.php HTTP/1.1" 404 27 "-" "Mozilla/4.0 (compatible; MSIE 8.0; Windows NT 6.1; WOW64; Trident/4.0)"
47.52.70.85 - - [07/Oct/2018:20:17:26 +0000] "GET /phpmyadmin1/index.php HTTP/1.1" 404 27 "-" "Mozilla/4.0 (compatible; MSIE 8.0; Windows NT 6.1; WOW64; Trident/4.0)"
47.52.70.85 - - [07/Oct/2018:20:17:26 +0000] "GET /phpmyadmin2/index.php HTTP/1.1" 404 27 "-" "Mozilla/4.0 (compatible; MSIE 8.0; Windows NT 6.1; WOW64; Trident/4.0)"
47.52.70.85 - - [07/Oct/2018:20:17:26 +0000] "GET /phpMyAdmin-4.4.0/index.php HTTP/1.1" 404 27 "-" "Mozilla/4.0 (compatible; MSIE 8.0; Windows NT 6.1; WOW64; Trident/4.0)"
47.52.70.85 - - [07/Oct/2018:20:17:26 +0000] "GET /myadmin/index.php HTTP/1.1" 404 27 "-" "Mozilla/4.0 (compatible; MSIE 8.0; Windows NT 6.1; WOW64; Trident/4.0)"
47.52.70.85 - - [07/Oct/2018:20:17:26 +0000] "GET /myadmin2/index.php HTTP/1.1" 404 27 "-" "Mozilla/4.0 (compatible; MSIE 8.0; Windows NT 6.1; WOW64; Trident/4.0)"
47.52.70.85 - - [07/Oct/2018:20:17:27 +0000] "GET /xampp/phpmyadmin/index.php HTTP/1.1" 404 27 "-" "Mozilla/4.0 (compatible; MSIE 8.0; Windows NT 6.1; WOW64; Trident/4.0)"
47.52.70.85 - - [07/Oct/2018:20:17:27 +0000] "GET /phpMyadmin_bak/index.php HTTP/1.1" 404 27 "-" "Mozilla/4.0 (compatible; MSIE 8.0; Windows NT 6.1; WOW64; Trident/4.0)"
47.52.70.85 - - [07/Oct/2018:20:17:27 +0000] "GET /www/phpMyAdmin/index.php HTTP/1.1" 404 27 "-" "Mozilla/4.0 (compatible; MSIE 8.0; Windows NT 6.1; WOW64; Trident/4.0)"
47.52.70.85 - - [07/Oct/2018:20:17:27 +0000] "GET /tools/phpMyAdmin/index.php HTTP/1.1" 404 27 "-" "Mozilla/4.0 (compatible; MSIE 8.0; Windows NT 6.1; WOW64; Trident/4.0)"
47.52.70.85 - - [07/Oct/2018:20:17:27 +0000] "GET /phpmyadmin-old/index.php HTTP/1.1" 404 27 "-" "Mozilla/4.0 (compatible; MSIE 8.0; Windows NT 6.1; WOW64; Trident/4.0)"
47.52.70.85 - - [07/Oct/2018:20:17:27 +0000] "GET /phpMyAdminold/index.php HTTP/1.1" 404 27 "-" "Mozilla/4.0 (compatible; MSIE 8.0; Windows NT 6.1; WOW64; Trident/4.0)"
47.52.70.85 - - [07/Oct/2018:20:17:27 +0000] "GET /phpMyAdmin.old/index.php HTTP/1.1" 404 27 "-" "Mozilla/4.0 (compatible; MSIE 8.0; Windows NT 6.1; WOW64; Trident/4.0)"
47.52.70.85 - - [07/Oct/2018:20:17:27 +0000] "GET /pma-old/index.php HTTP/1.1" 404 27 "-" "Mozilla/4.0 (compatible; MSIE 8.0; Windows NT 6.1; WOW64; Trident/4.0)"
47.52.70.85 - - [07/Oct/2018:20:17:28 +0000] "GET /claroline/phpMyAdmin/index.php HTTP/1.1" 404 27 "-" "Mozilla/4.0 (compatible; MSIE 8.0; Windows NT 6.1; WOW64; Trident/4.0)"
47.52.70.85 - - [07/Oct/2018:20:17:28 +0000] "GET /typo3/phpmyadmin/index.php HTTP/1.1" 404 27 "-" "Mozilla/4.0 (compatible; MSIE 8.0; Windows NT 6.1; WOW64; Trident/4.0)"
47.52.70.85 - - [07/Oct/2018:20:17:28 +0000] "GET /phpma/index.php HTTP/1.1" 404 27 "-" "Mozilla/4.0 (compatible; MSIE 8.0; Windows NT 6.1; WOW64; Trident/4.0)"
47.52.70.85 - - [07/Oct/2018:20:17:29 +0000] "GET /phpmyadmin/phpmyadmin/index.php HTTP/1.1" 404 27 "-" "Mozilla/4.0 (compatible; MSIE 8.0; Windows NT 6.1; WOW64; Trident/4.0)"
47.52.70.85 - - [07/Oct/2018:20:17:29 +0000] "GET /phpMyAdmin/phpMyAdmin/index.php HTTP/1.1" 404 27 "-" "Mozilla/4.0 (compatible; MSIE 8.0; Windows NT 6.1; WOW64; Trident/4.0)"
47.52.70.85 - - [07/Oct/2018:20:17:29 +0000] "GET /phpMyAbmin/index.php HTTP/1.1" 404 27 "-" "Mozilla/4.0 (compatible; MSIE 8.0; Windows NT 6.1; WOW64; Trident/4.0)"
47.52.70.85 - - [07/Oct/2018:20:17:29 +0000] "GET /phpMyAdmin__/index.php HTTP/1.1" 404 27 "-" "Mozilla/4.0 (compatible; MSIE 8.0; Windows NT 6.1; WOW64; Trident/4.0)"
47.52.70.85 - - [07/Oct/2018:20:17:29 +0000] "GET /phpMyAdmin+++---/index.php HTTP/1.1" 404 27 "-" "Mozilla/4.0 (compatible; MSIE 8.0; Windows NT 6.1; WOW64; Trident/4.0)"
47.52.70.85 - - [07/Oct/2018:20:17:29 +0000] "GET /v/index.php HTTP/1.1" 404 27 "-" "Mozilla/4.0 (compatible; MSIE 8.0; Windows NT 6.1; WOW64; Trident/4.0)"
47.52.70.85 - - [07/Oct/2018:20:17:29 +0000] "GET /phpmyadm1n/index.php HTTP/1.1" 404 27 "-" "Mozilla/4.0 (compatible; MSIE 8.0; Windows NT 6.1; WOW64; Trident/4.0)"
47.52.70.85 - - [07/Oct/2018:20:17:29 +0000] "GET /phpMyAdm1n/index.php HTTP/1.1" 404 27 "-" "Mozilla/4.0 (compatible; MSIE 8.0; Windows NT 6.1; WOW64; Trident/4.0)"
47.52.70.85 - - [07/Oct/2018:20:17:29 +0000] "GET /shaAdmin/index.php HTTP/1.1" 404 27 "-" "Mozilla/4.0 (compatible; MSIE 8.0; Windows NT 6.1; WOW64; Trident/4.0)"
47.52.70.85 - - [07/Oct/2018:20:17:29 +0000] "GET /phpMyadmi/index.php HTTP/1.1" 404 27 "-" "Mozilla/4.0 (compatible; MSIE 8.0; Windows NT 6.1; WOW64; Trident/4.0)"
47.52.70.85 - - [07/Oct/2018:20:17:29 +0000] "GET /phpMyAdmion/index.php HTTP/1.1" 404 27 "-" "Mozilla/4.0 (compatible; MSIE 8.0; Windows NT 6.1; WOW64; Trident/4.0)"
62.219.14.94 - - [07/Oct/2018:20:20:14 +0000] "HEAD / HTTP/1.1" 200 0 "-" "-"
177.185.219.129 - - [07/Oct/2018:20:29:57 +0000] "GET / HTTP/1.1" 200 612 "-" "Mozilla/5.0 (Windows NT 6.1; WOW64) AppleWebKit/537.36 (KHTML, like Gecko) Chrome/51.0.2704.103 Safari/537.36"
61.176.223.98 - - [07/Oct/2018:20:41:56 +0000] "GET http://47.99.121.32:39169/Ip/Up?Ip=118.190.199.132&Port=80&Check=108&Order=61.176.223.98 HTTP/1.1" 404 153 "-" "Mozilla/5.0 (Windows NT 6.1; WOW64; rv:62.0) Gecko/20100101 Firefox/62.0"
61.176.222.170 - - [07/Oct/2018:21:38:38 +0000] "GET http://47.99.121.32:39169/Ip/Up?Ip=118.190.199.132&Port=80&Check=108&Order=61.176.222.170 HTTP/1.1" 404 153 "-" "Mozilla/5.0 (Windows NT 6.1; WOW64; rv:62.0) Gecko/20100101 Firefox/62.0"
61.176.222.170 - - [07/Oct/2018:22:07:15 +0000] "GET http://47.99.121.32:39169/Ip/Up?Ip=118.190.199.132&Port=80&Check=108&Order=61.176.222.170 HTTP/1.1" 404 153 "-" "Mozilla/5.0 (Windows NT 6.1; WOW64; rv:62.0) Gecko/20100101 Firefox/62.0"
61.176.223.98 - - [07/Oct/2018:22:21:33 +0000] "GET http://47.99.121.32:39169/Ip/Up?Ip=118.190.199.132&Port=80&Check=108&Order=61.176.223.98 HTTP/1.1" 404 153 "-" "Mozilla/5.0 (Windows NT 6.1; WOW64; rv:62.0) Gecko/20100101 Firefox/62.0"
47.94.39.226 - - [07/Oct/2018:22:51:36 +0000] "GET / HTTP/1.0" 200 612 "-" "-"
218.75.37.21 - - [07/Oct/2018:22:52:53 +0000] "GET / HTTP/1.0" 200 612 "-" "-"
61.176.223.98 - - [07/Oct/2018:23:18:40 +0000] "GET http://47.99.121.32:39169/Ip/Up?Ip=118.190.199.132&Port=80&Check=108&Order=61.176.223.98 HTTP/1.1" 404 153 "-" "Mozilla/5.0 (Windows NT 6.1; WOW64; rv:62.0) Gecko/20100101 Firefox/62.0"
61.176.223.98 - - [07/Oct/2018:23:33:39 +0000] "GET http://47.99.121.32:39169/Ip/Up?Ip=118.190.199.132&Port=80&Check=108&Order=61.176.223.98 HTTP/1.1" 404 153 "-" "Mozilla/5.0 (Windows NT 6.1; WOW64; rv:62.0) Gecko/20100101 Firefox/62.0"
61.176.223.98 - - [08/Oct/2018:00:16:03 +0000] "GET http://47.99.121.32:39169/Ip/Up?Ip=118.190.199.132&Port=80&Check=108&Order=61.176.223.98 HTTP/1.1" 404 153 "-" "Mozilla/5.0 (Windows NT 6.1; WOW64; rv:62.0) Gecko/20100101 Firefox/62.0"
61.176.223.98 - - [08/Oct/2018:00:30:00 +0000] "GET http://47.99.121.32:39169/Ip/Up?Ip=118.190.199.132&Port=80&Check=108&Order=61.176.223.98 HTTP/1.1" 404 153 "-" "Mozilla/5.0 (Windows NT 6.1; WOW64; rv:62.0) Gecko/20100101 Firefox/62.0"
143.208.187.100 - - [08/Oct/2018:00:43:50 +0000] "GET / HTTP/1.1" 200 612 "-" "Mozilla/5.0 (Windows NT 6.1; WOW64) AppleWebKit/537.36 (KHTML, like Gecko) Chrome/51.0.2704.103 Safari/537.36"
61.176.222.170 - - [08/Oct/2018:00:58:06 +0000] "GET http://47.99.121.32:39169/Ip/Up?Ip=118.190.199.132&Port=80&Check=108&Order=61.176.222.170 HTTP/1.1" 404 153 "-" "Mozilla/5.0 (Windows NT 6.1; WOW64; rv:62.0) Gecko/20100101 Firefox/62.0"
88.250.70.49 - - [08/Oct/2018:01:36:26 +0000] "GET / HTTP/1.1" 200 612 "-" "Mozilla/5.0 (Windows NT 6.1; WOW64) AppleWebKit/537.36 (KHTML, like Gecko) Chrome/52.0.2743.116 Safari/537.36"
91.231.73.86 - - [08/Oct/2018:01:49:38 +0000] "GET / HTTP/1.1" 200 612 "-" "-"
61.176.222.170 - - [08/Oct/2018:01:53:41 +0000] "GET http://47.99.121.32:39169/Ip/Up?Ip=118.190.199.132&Port=80&Check=108&Order=61.176.222.170 HTTP/1.1" 404 153 "-" "Mozilla/5.0 (Windows NT 6.1; WOW64; rv:62.0) Gecko/20100101 Firefox/62.0"
61.176.222.170 - - [08/Oct/2018:02:05:56 +0000] "GET http://47.99.121.32:39169/Ip/Up?Ip=118.190.199.132&Port=80&Check=108&Order=61.176.222.170 HTTP/1.1" 404 153 "-" "Mozilla/5.0 (Windows NT 6.1; WOW64; rv:62.0) Gecko/20100101 Firefox/62.0"
61.176.223.98 - - [08/Oct/2018:02:39:06 +0000] "GET http://47.99.121.32:39169/Ip/Up?Ip=118.190.199.132&Port=80&Check=108&Order=61.176.223.98 HTTP/1.1" 404 153 "-" "Mozilla/5.0 (Windows NT 6.1; WOW64; rv:62.0) Gecko/20100101 Firefox/62.0"
95.213.177.125 - - [08/Oct/2018:02:41:09 +0000] "POST http://check.proxyradar.com/azenv.php?auth=153896646937&a=PSCN&i=1992214404&p=80 HTTP/1.1" 404 27 "http://best-proxies.ru/" "Mozilla/4.0 (compatible; MSIE 8.0; Windows NT 5.1; Trident/4.0)"
58.218.200.24 - - [08/Oct/2018:02:49:39 +0000] "GET http://47.99.121.32:39169/Ip/Up?Ip=118.190.199.132&Port=80&Check=108&Order=58.218.200.24 HTTP/1.1" 404 153 "-" "Mozilla/5.0 (Windows NT 6.1; WOW64; rv:62.0) Gecko/20100101 Firefox/62.0"
41.87.29.214 - - [08/Oct/2018:02:54:18 +0000] "GET / HTTP/1.1" 200 612 "-" "Mozilla/5.0 (Macintosh; Intel Mac OS X 10_11_6) AppleWebKit/601.7.7 (KHTML, like Gecko) Version/9.1.2 Safari/601.7.7"
66.102.6.65 - - [08/Oct/2018:02:55:06 +0000] "GET / HTTP/1.1" 200 396 "-" "Mozilla/5.0 (X11; Linux x86_64) AppleWebKit/537.36 (KHTML, like Gecko) Chrome/49.0.2623.75 Safari/537.36 Google Favicon"
66.102.6.65 - - [08/Oct/2018:02:55:06 +0000] "GET /index.php HTTP/1.1" 200 24524 "-" "Mozilla/5.0 (X11; Linux x86_64) AppleWebKit/537.36 (KHTML, like Gecko) Chrome/49.0.2623.75 Safari/537.36 Google Favicon"
66.102.6.65 - - [08/Oct/2018:02:55:07 +0000] "GET /favicon.ico HTTP/1.1" 404 187 "-" "Mozilla/5.0 (X11; Linux x86_64) AppleWebKit/537.36 (KHTML, like Gecko) Chrome/49.0.2623.75 Safari/537.36 Google Favicon"
61.176.222.170 - - [08/Oct/2018:03:00:09 +0000] "GET http://47.99.121.32:39169/Ip/Up?Ip=118.190.199.132&Port=80&Check=108&Order=61.176.222.170 HTTP/1.1" 404 153 "-" "Mozilla/5.0 (Windows NT 6.1; WOW64; rv:62.0) Gecko/20100101 Firefox/62.0"
61.176.223.98 - - [08/Oct/2018:03:10:29 +0000] "GET http://47.99.121.32:39169/Ip/Up?Ip=118.190.199.132&Port=80&Check=108&Order=61.176.223.98 HTTP/1.1" 404 153 "-" "Mozilla/5.0 (Windows NT 6.1; WOW64; rv:62.0) Gecko/20100101 Firefox/62.0"
80.82.70.187 - - [08/Oct/2018:03:24:24 +0000] "GET http://www.baidu.com/cache/global/img/gs.gif HTTP/1.1" 404 153 "-" "Mozilla"
61.176.223.98 - - [08/Oct/2018:03:31:30 +0000] "GET http://47.99.121.32:39169/Ip/Up?Ip=118.190.199.132&Port=80&Check=108&Order=61.176.223.98 HTTP/1.1" 404 153 "-" "Mozilla/5.0 (Windows NT 6.1; WOW64; rv:62.0) Gecko/20100101 Firefox/62.0"
61.176.222.170 - - [08/Oct/2018:03:42:04 +0000] "GET http://47.99.121.32:39169/Ip/Up?Ip=118.190.199.132&Port=80&Check=108&Order=61.176.222.170 HTTP/1.1" 404 153 "-" "Mozilla/5.0 (Windows NT 6.1; WOW64; rv:62.0) Gecko/20100101 Firefox/62.0"
61.176.222.170 - - [08/Oct/2018:03:52:23 +0000] "GET http://47.99.121.32:39169/Ip/Up?Ip=118.190.199.132&Port=80&Check=108&Order=61.176.222.170 HTTP/1.1" 404 153 "-" "Mozilla/5.0 (Windows NT 6.1; WOW64; rv:62.0) Gecko/20100101 Firefox/62.0"
61.176.223.98 - - [08/Oct/2018:04:13:34 +0000] "GET http://47.99.121.32:39169/Ip/Up?Ip=118.190.199.132&Port=80&Check=108&Order=61.176.223.98 HTTP/1.1" 404 153 "-" "Mozilla/5.0 (Windows NT 6.1; WOW64; rv:62.0) Gecko/20100101 Firefox/62.0"
61.176.223.98 - - [08/Oct/2018:04:24:05 +0000] "GET http://47.99.121.32:39169/Ip/Up?Ip=118.190.199.132&Port=80&Check=108&Order=61.176.223.98 HTTP/1.1" 404 153 "-" "Mozilla/5.0 (Windows NT 6.1; WOW64; rv:62.0) Gecko/20100101 Firefox/62.0"
61.176.223.98 - - [08/Oct/2018:04:34:51 +0000] "GET http://47.99.121.32:39169/Ip/Up?Ip=118.190.199.132&Port=80&Check=108&Order=61.176.223.98 HTTP/1.1" 404 153 "-" "Mozilla/5.0 (Windows NT 6.1; WOW64; rv:62.0) Gecko/20100101 Firefox/62.0"
61.176.223.98 - - [08/Oct/2018:04:45:29 +0000] "GET http://47.99.121.32:39169/Ip/Up?Ip=118.190.199.132&Port=80&Check=108&Order=61.176.223.98 HTTP/1.1" 404 153 "-" "Mozilla/5.0 (Windows NT 6.1; WOW64; rv:62.0) Gecko/20100101 Firefox/62.0"
61.176.222.170 - - [08/Oct/2018:04:56:12 +0000] "GET http://47.99.121.32:39169/Ip/Up?Ip=118.190.199.132&Port=80&Check=108&Order=61.176.222.170 HTTP/1.1" 404 153 "-" "Mozilla/5.0 (Windows NT 6.1; WOW64; rv:62.0) Gecko/20100101 Firefox/62.0"
157.119.226.183 - - [08/Oct/2018:05:11:34 +0000] "GET / HTTP/1.1" 200 612 "-" "Mozilla/5.0 (Windows NT 10.0; WOW64) AppleWebKit/537.36 (KHTML, like Gecko) Chrome/52.0.2743.116 Safari/537.36"
61.176.222.170 - - [08/Oct/2018:05:17:27 +0000] "GET http://47.99.121.32:39169/Ip/Up?Ip=118.190.199.132&Port=80&Check=108&Order=61.176.222.170 HTTP/1.1" 404 153 "-" "Mozilla/5.0 (Windows NT 6.1; WOW64; rv:62.0) Gecko/20100101 Firefox/62.0"
58.218.200.24 - - [08/Oct/2018:05:28:03 +0000] "GET http://47.99.121.32:39169/Ip/Up?Ip=118.190.199.132&Port=80&Check=108&Order=58.218.200.24 HTTP/1.1" 404 153 "-" "Mozilla/5.0 (Windows NT 6.1; WOW64; rv:62.0) Gecko/20100101 Firefox/62.0"
61.176.223.98 - - [08/Oct/2018:05:49:35 +0000] "GET http://47.99.121.32:39169/Ip/Up?Ip=118.190.199.132&Port=80&Check=108&Order=61.176.223.98 HTTP/1.1" 404 153 "-" "Mozilla/5.0 (Windows NT 6.1; WOW64; rv:62.0) Gecko/20100101 Firefox/62.0"
61.176.223.98 - - [08/Oct/2018:06:00:09 +0000] "GET http://47.99.121.32:39169/Ip/Up?Ip=118.190.199.132&Port=80&Check=108&Order=61.176.223.98 HTTP/1.1" 404 153 "-" "Mozilla/5.0 (Windows NT 6.1; WOW64; rv:62.0) Gecko/20100101 Firefox/62.0"
61.176.222.170 - - [08/Oct/2018:06:11:00 +0000] "GET http://47.99.121.32:39169/Ip/Up?Ip=118.190.199.132&Port=80&Check=108&Order=61.176.222.170 HTTP/1.1" 404 153 "-" "Mozilla/5.0 (Windows NT 6.1; WOW64; rv:62.0) Gecko/20100101 Firefox/62.0"
61.176.223.98 - - [08/Oct/2018:06:21:43 +0000] "GET http://47.99.121.32:39169/Ip/Up?Ip=118.190.199.132&Port=80&Check=108&Order=61.176.223.98 HTTP/1.1" 404 153 "-" "Mozilla/5.0 (Windows NT 6.1; WOW64; rv:62.0) Gecko/20100101 Firefox/62.0"
61.176.222.170 - - [08/Oct/2018:06:32:21 +0000] "GET http://47.99.121.32:39169/Ip/Up?Ip=118.190.199.132&Port=80&Check=108&Order=61.176.222.170 HTTP/1.1" 404 153 "-" "Mozilla/5.0 (Windows NT 6.1; WOW64; rv:62.0) Gecko/20100101 Firefox/62.0"
58.218.200.24 - - [08/Oct/2018:06:43:20 +0000] "GET http://47.99.121.32:39169/Ip/Up?Ip=118.190.199.132&Port=80&Check=108&Order=58.218.200.24 HTTP/1.1" 404 153 "-" "Mozilla/5.0 (Windows NT 6.1; WOW64; rv:62.0) Gecko/20100101 Firefox/62.0"
61.176.223.98 - - [08/Oct/2018:07:04:57 +0000] "GET http://47.99.121.32:39169/Ip/Up?Ip=118.190.199.132&Port=80&Check=108&Order=61.176.223.98 HTTP/1.1" 404 153 "-" "Mozilla/5.0 (Windows NT 6.1; WOW64; rv:62.0) Gecko/20100101 Firefox/62.0"
93.91.153.118 - - [08/Oct/2018:07:11:57 +0000] "GET / HTTP/1.1" 200 612 "-" "Mozilla/5.0 (Windows NT 10.0; WOW64) AppleWebKit/537.36 (KHTML, like Gecko) Chrome/52.0.2743.116 Safari/537.36"
80.82.78.50 - - [08/Oct/2018:07:22:28 +0000] "GET http://www.baidu.com/cache/global/img/gs.gif HTTP/1.1" 404 153 "-" "Mozilla"
61.176.223.98 - - [08/Oct/2018:07:26:23 +0000] "GET http://47.99.121.32:39169/Ip/Up?Ip=118.190.199.132&Port=80&Check=108&Order=61.176.223.98 HTTP/1.1" 404 153 "-" "Mozilla/5.0 (Windows NT 6.1; WOW64; rv:62.0) Gecko/20100101 Firefox/62.0"
185.142.171.111 - - [08/Oct/2018:07:29:22 +0000] "GET / HTTP/1.1" 200 612 "-" "Mozilla/5.0 (Windows NT 6.1; WOW64) AppleWebKit/537.36 (KHTML, like Gecko) Chrome/52.0.2743.116 Safari/537.36"
123.249.27.171 - - [08/Oct/2018:07:37:09 +0000] "GET http://47.99.121.32:39169/Ip/Up?Ip=118.190.199.132&Port=80&Check=108&Order=123.249.27.171 HTTP/1.1" 404 153 "-" "Mozilla/5.0 (Windows NT 6.1; WOW64; rv:62.0) Gecko/20100101 Firefox/62.0"
58.218.200.24 - - [08/Oct/2018:07:47:43 +0000] "GET http://47.99.121.32:39169/Ip/Up?Ip=118.190.199.132&Port=80&Check=108&Order=58.218.200.24 HTTP/1.1" 404 153 "-" "Mozilla/5.0 (Windows NT 6.1; WOW64; rv:62.0) Gecko/20100101 Firefox/62.0"
61.176.223.98 - - [08/Oct/2018:08:09:02 +0000] "GET http://47.99.121.32:39169/Ip/Up?Ip=118.190.199.132&Port=80&Check=108&Order=61.176.223.98 HTTP/1.1" 404 153 "-" "Mozilla/5.0 (Windows NT 6.1; WOW64; rv:62.0) Gecko/20100101 Firefox/62.0"
61.176.222.170 - - [08/Oct/2018:08:30:26 +0000] "GET http://47.99.121.32:39169/Ip/Up?Ip=118.190.199.132&Port=80&Check=108&Order=61.176.222.170 HTTP/1.1" 404 153 "-" "Mozilla/5.0 (Windows NT 6.1; WOW64; rv:62.0) Gecko/20100101 Firefox/62.0"
61.176.223.98 - - [08/Oct/2018:08:51:47 +0000] "GET http://47.99.121.32:39169/Ip/Up?Ip=118.190.199.132&Port=80&Check=108&Order=61.176.223.98 HTTP/1.1" 404 153 "-" "Mozilla/5.0 (Windows NT 6.1; WOW64; rv:62.0) Gecko/20100101 Firefox/62.0"
195.181.93.55 - - [08/Oct/2018:09:12:33 +0000] "GET / HTTP/1.1" 200 612 "-" "Mozilla/5.0 (Macintosh; Intel Mac OS X 10_11_6) AppleWebKit/601.7.7 (KHTML, like Gecko) Version/9.1.2 Safari/601.7.7"
61.176.223.98 - - [08/Oct/2018:09:13:15 +0000] "GET http://47.99.121.32:39169/Ip/Up?Ip=118.190.199.132&Port=80&Check=108&Order=61.176.223.98 HTTP/1.1" 404 153 "-" "Mozilla/5.0 (Windows NT 6.1; WOW64; rv:62.0) Gecko/20100101 Firefox/62.0"
61.176.222.170 - - [08/Oct/2018:09:24:03 +0000] "GET http://47.99.121.32:39169/Ip/Up?Ip=118.190.199.132&Port=80&Check=108&Order=61.176.222.170 HTTP/1.1" 404 153 "-" "Mozilla/5.0 (Windows NT 6.1; WOW64; rv:62.0) Gecko/20100101 Firefox/62.0"
52.53.157.69 - - [08/Oct/2018:09:33:13 +0000] "GET / HTTP/1.1" 200 396 "-" "Mozilla/5.0 (Macintosh; Intel Mac OS X 10_11_5) AppleWebKit/537.36 (KHTML, like Gecko) Chrome/50.0.2661.102 Safari/537.36"
101.53.251.25 - - [08/Oct/2018:09:34:01 +0000] "GET / HTTP/1.1" 200 612 "-" "Mozilla/5.0 (Windows NT 6.1; WOW64) AppleWebKit/537.36 (KHTML, like Gecko) Chrome/51.0.2704.103 Safari/537.36"
101.53.251.25 - - [08/Oct/2018:09:34:01 +0000] "GET / HTTP/1.1" 200 612 "-" "Mozilla/5.0 (Macintosh; Intel Mac OS X 10_11_6) AppleWebKit/601.7.7 (KHTML, like Gecko) Version/9.1.2 Safari/601.7.7"
61.176.222.170 - - [08/Oct/2018:09:45:18 +0000] "GET http://47.99.121.32:39169/Ip/Up?Ip=118.190.199.132&Port=80&Check=108&Order=61.176.222.170 HTTP/1.1" 404 153 "-" "Mozilla/5.0 (Windows NT 6.1; WOW64; rv:62.0) Gecko/20100101 Firefox/62.0"
61.176.223.98 - - [08/Oct/2018:09:55:59 +0000] "GET http://47.99.121.32:39169/Ip/Up?Ip=118.190.199.132&Port=80&Check=108&Order=61.176.223.98 HTTP/1.1" 404 153 "-" "Mozilla/5.0 (Windows NT 6.1; WOW64; rv:62.0) Gecko/20100101 Firefox/62.0"
177.102.208.183 - - [08/Oct/2018:10:25:23 +0000] "GET / HTTP/1.1" 200 612 "-" "Mozilla/5.0 (Macintosh; Intel Mac OS X 10_11_6) AppleWebKit/601.7.7 (KHTML, like Gecko) Version/9.1.2 Safari/601.7.7"
61.176.222.170 - - [08/Oct/2018:10:28:19 +0000] "GET http://47.99.121.32:39169/Ip/Up?Ip=118.190.199.132&Port=80&Check=108&Order=61.176.222.170 HTTP/1.1" 404 153 "-" "Mozilla/5.0 (Windows NT 6.1; WOW64; rv:62.0) Gecko/20100101 Firefox/62.0"
61.176.222.170 - - [08/Oct/2018:11:00:35 +0000] "GET http://47.99.121.32:39169/Ip/Up?Ip=118.190.199.132&Port=80&Check=108&Order=61.176.222.170 HTTP/1.1" 404 153 "-" "Mozilla/5.0 (Windows NT 6.1; WOW64; rv:62.0) Gecko/20100101 Firefox/62.0"
58.218.200.24 - - [08/Oct/2018:11:11:20 +0000] "GET http://47.99.121.32:39169/Ip/Up?Ip=118.190.199.132&Port=80&Check=108&Order=58.218.200.24 HTTP/1.1" 404 153 "-" "Mozilla/5.0 (Windows NT 6.1; WOW64; rv:62.0) Gecko/20100101 Firefox/62.0"
58.218.200.24 - - [08/Oct/2018:11:33:01 +0000] "GET http://47.99.121.32:39169/Ip/Up?Ip=118.190.199.132&Port=80&Check=108&Order=58.218.200.24 HTTP/1.1" 404 153 "-" "Mozilla/5.0 (Windows NT 6.1; WOW64; rv:62.0) Gecko/20100101 Firefox/62.0"
177.95.54.188 - - [08/Oct/2018:11:46:44 +0000] "GET / HTTP/1.1" 200 612 "-" "Mozilla/5.0 (Windows NT 10.0; WOW64) AppleWebKit/537.36 (KHTML, like Gecko) Chrome/52.0.2743.116 Safari/537.36"
